Component: ARM Compiler 5.06 update 4 (build 422) Tool: armlink [4d35d2]

==============================================================================

Section Cross References

    main.o(i.advertising_init) refers to memseta.o(.text) for __aeabi_memclr4
    main.o(i.advertising_init) refers to ble_advertising.o(i.ble_advertising_init) for ble_advertising_init
    main.o(i.advertising_init) refers to app_error.o(i.app_error_handler) for app_error_handler
    main.o(i.advertising_init) refers to main.o(.data) for m_adv_uuids
    main.o(i.advertising_init) refers to main.o(i.on_adv_evt) for on_adv_evt
    main.o(i.application_timers_start) refers to app_timer.o(i.app_timer_start) for app_timer_start
    main.o(i.application_timers_start) refers to main.o(.constdata) for m_our_char_timer_id
    main.o(i.assert_nrf_callback) refers to app_error.o(i.app_error_handler) for app_error_handler
    main.o(i.ble_evt_dispatch) refers to device_manager_peripheral.o(i.dm_ble_evt_handler) for dm_ble_evt_handler
    main.o(i.ble_evt_dispatch) refers to ble_conn_params.o(i.ble_conn_params_on_ble_evt) for ble_conn_params_on_ble_evt
    main.o(i.ble_evt_dispatch) refers to bsp_btn_ble.o(i.bsp_btn_ble_on_ble_evt) for bsp_btn_ble_on_ble_evt
    main.o(i.ble_evt_dispatch) refers to main.o(i.on_ble_evt) for on_ble_evt
    main.o(i.ble_evt_dispatch) refers to ble_advertising.o(i.ble_advertising_on_ble_evt) for ble_advertising_on_ble_evt
    main.o(i.ble_evt_dispatch) refers to our_service.o(i.ble_our_service_on_ble_evt) for ble_our_service_on_ble_evt
    main.o(i.ble_evt_dispatch) refers to main.o(.bss) for m_our_service
    main.o(i.ble_stack_init) refers to softdevice_handler.o(i.softdevice_handler_init) for softdevice_handler_init
    main.o(i.ble_stack_init) refers to app_error.o(i.app_error_handler) for app_error_handler
    main.o(i.ble_stack_init) refers to softdevice_handler.o(i.softdevice_enable_get_default_config) for softdevice_enable_get_default_config
    main.o(i.ble_stack_init) refers to softdevice_handler.o(i.sd_check_ram_start) for sd_check_ram_start
    main.o(i.ble_stack_init) refers to softdevice_handler.o(i.softdevice_enable) for softdevice_enable
    main.o(i.ble_stack_init) refers to softdevice_handler.o(i.softdevice_ble_evt_handler_set) for softdevice_ble_evt_handler_set
    main.o(i.ble_stack_init) refers to softdevice_handler.o(i.softdevice_sys_evt_handler_set) for softdevice_sys_evt_handler_set
    main.o(i.ble_stack_init) refers to main.o(.constdata) for .constdata
    main.o(i.ble_stack_init) refers to main.o(.bss) for BLE_EVT_BUFFER
    main.o(i.ble_stack_init) refers to main.o(i.ble_evt_dispatch) for ble_evt_dispatch
    main.o(i.ble_stack_init) refers to main.o(i.sys_evt_dispatch) for sys_evt_dispatch
    main.o(i.bsp_event_handler) refers to main.o(i.sleep_mode_enter) for sleep_mode_enter
    main.o(i.bsp_event_handler) refers to app_error.o(i.app_error_handler) for app_error_handler
    main.o(i.bsp_event_handler) refers to ble_advertising.o(i.ble_advertising_restart_without_whitelist) for ble_advertising_restart_without_whitelist
    main.o(i.bsp_event_handler) refers to main.o(.data) for m_conn_handle
    main.o(i.buttons_leds_init) refers to bsp.o(i.bsp_init) for bsp_init
    main.o(i.buttons_leds_init) refers to app_error.o(i.app_error_handler) for app_error_handler
    main.o(i.buttons_leds_init) refers to bsp_btn_ble.o(i.bsp_btn_ble_init) for bsp_btn_ble_init
    main.o(i.buttons_leds_init) refers to main.o(i.bsp_event_handler) for bsp_event_handler
    main.o(i.conn_params_error_handler) refers to app_error.o(i.app_error_handler) for app_error_handler
    main.o(i.conn_params_init) refers to memseta.o(.text) for __aeabi_memclr4
    main.o(i.conn_params_init) refers to ble_conn_params.o(i.ble_conn_params_init) for ble_conn_params_init
    main.o(i.conn_params_init) refers to app_error.o(i.app_error_handler) for app_error_handler
    main.o(i.conn_params_init) refers to main.o(i.on_conn_params_evt) for on_conn_params_evt
    main.o(i.conn_params_init) refers to main.o(i.conn_params_error_handler) for conn_params_error_handler
    main.o(i.device_manager_evt_handler) refers to app_error.o(i.app_error_handler) for app_error_handler
    main.o(i.device_manager_init) refers to pstorage.o(i.pstorage_init) for pstorage_init
    main.o(i.device_manager_init) refers to app_error.o(i.app_error_handler) for app_error_handler
    main.o(i.device_manager_init) refers to device_manager_peripheral.o(i.dm_init) for dm_init
    main.o(i.device_manager_init) refers to device_manager_peripheral.o(i.dm_register) for dm_register
    main.o(i.device_manager_init) refers to main.o(i.device_manager_evt_handler) for device_manager_evt_handler
    main.o(i.device_manager_init) refers to main.o(.data) for m_app_handle
    main.o(i.gap_params_init) refers to app_error.o(i.app_error_handler) for app_error_handler
[...]
    i.rtc1_init                              0x000222b4   Section        0  app_timer.o(i.rtc1_init)
    rtc1_init                                0x000222b5   Thumb Code    18  app_timer.o(i.rtc1_init)
    i.rtc1_start                             0x000222cc   Section        0  app_timer.o(i.rtc1_start)
    rtc1_start                               0x000222cd   Thumb Code    48  app_timer.o(i.rtc1_start)
    i.rtc1_stop                              0x00022308   Section        0  app_timer.o(i.rtc1_stop)
    rtc1_stop                                0x00022309   Thumb Code    68  app_timer.o(i.rtc1_stop)
    i.rx_byte                                0x00022360   Section        0  nrf_drv_uart.o(i.rx_byte)
    rx_byte                                  0x00022361   Thumb Code    68  nrf_drv_uart.o(i.rx_byte)
    i.rx_done_event                          0x000223b0   Section        0  nrf_drv_uart.o(i.rx_done_event)
    rx_done_event                            0x000223b1   Thumb Code    30  nrf_drv_uart.o(i.rx_done_event)
    i.sd_check_ram_start                     0x000223d4   Section        0  softdevice_handler.o(i.sd_check_ram_start)
    i.sd_nvic_EnableIRQ                      0x000223f0   Section        0  softdevice_handler.o(i.sd_nvic_EnableIRQ)
    sd_nvic_EnableIRQ                        0x000223f1   Thumb Code   190  softdevice_handler.o(i.sd_nvic_EnableIRQ)
    i.sec_mgr_oob_flags_encode               0x000224c0   Section        0  ble_advdata.o(i.sec_mgr_oob_flags_encode)
    sec_mgr_oob_flags_encode                 0x000224c1   Thumb Code    54  ble_advdata.o(i.sec_mgr_oob_flags_encode)
    i.service_data_encode                    0x000224f6   Section        0  ble_advdata.o(i.service_data_encode)
    service_data_encode                      0x000224f7   Thumb Code   150  ble_advdata.o(i.service_data_encode)
    i.services_init                          0x0002258c   Section        0  main.o(i.services_init)
    services_init                            0x0002258d   Thumb Code    10  main.o(i.services_init)
    i.sm_state_change                        0x0002259c   Section        0  pstorage.o(i.sm_state_change)
    sm_state_change                          0x0002259d   Thumb Code    14  pstorage.o(i.sm_state_change)
    i.softdevice_ble_evt_handler_set         0x000225b0   Section        0  softdevice_handler.o(i.softdevice_ble_evt_handler_set)
    i.softdevice_enable                      0x000225c8   Section        0  softdevice_handler.o(i.softdevice_enable)
    i.softdevice_enable_get_default_config   0x000225e4   Section        0  softdevice_handler.o(i.softdevice_enable_get_default_config)
    i.softdevice_fault_handler               0x00022610   Section        0  softdevice_handler.o(i.softdevice_fault_handler)
    i.softdevice_handler_init                0x00022624   Section        0  softdevice_handler.o(i.softdevice_handler_init)
    i.softdevice_sys_evt_handler_set         0x00022688   Section        0  softdevice_handler.o(i.softdevice_sys_evt_handler_set)
    i.srdata_check                           0x000226a0   Section        0  ble_advdata.o(i.srdata_check)
    srdata_check                             0x000226a1   Thumb Code    14  ble_advdata.o(i.srdata_check)
    i.startUartXfer                          0x000226b0   Section        0  our_service.o(i.startUartXfer)
    i.state_data_erase_entry_run             0x000226c8   Section        0  pstorage.o(i.state_data_erase_entry_run)
    state_data_erase_entry_run               0x000226c9   Thumb Code    12  pstorage.o(i.state_data_erase_entry_run)
    i.state_data_erase_swap_entry_run        0x000226d8   Section        0  pstorage.o(i.state_data_erase_swap_entry_run)
    state_data_erase_swap_entry_run          0x000226d9   Thumb Code   124  pstorage.o(i.state_data_erase_swap_entry_run)
    i.state_entry_action_run                 0x00022764   Section        0  pstorage.o(i.state_entry_action_run)
    state_entry_action_run                   0x00022765   Thumb Code    52  pstorage.o(i.state_entry_action_run)
    i.state_erase_data_page_entry_run        0x0002279c   Section        0  pstorage.o(i.state_erase_data_page_entry_run)
    state_erase_data_page_entry_run          0x0002279d   Thumb Code    12  pstorage.o(i.state_erase_data_page_entry_run)
    i.state_idle_entry_run                   0x000227ac   Section        0  pstorage.o(i.state_idle_entry_run)
    state_idle_entry_run                     0x000227ad   Thumb Code    18  pstorage.o(i.state_idle_entry_run)
    i.state_restore_head_entry_run           0x000227c8   Section        0  pstorage.o(i.state_restore_head_entry_run)
    state_restore_head_entry_run             0x000227c9   Thumb Code    44  pstorage.o(i.state_restore_head_entry_run)
    i.state_restore_tail_entry_run           0x000227fc   Section        0  pstorage.o(i.state_restore_tail_entry_run)
    state_restore_tail_entry_run             0x000227fd   Thumb Code    80  pstorage.o(i.state_restore_tail_entry_run)
    i.state_store_entry_run                  0x00022854   Section        0  pstorage.o(i.state_store_entry_run)
    state_store_entry_run                    0x00022855   Thumb Code     8  pstorage.o(i.state_store_entry_run)
    i.state_swap_erase_entry_run             0x0002285c   Section        0  pstorage.o(i.state_swap_erase_entry_run)
    state_swap_erase_entry_run               0x0002285d   Thumb Code    30  pstorage.o(i.state_swap_erase_entry_run)
    i.state_write_data_swap_entry_run        0x0002287c   Section        0  pstorage.o(i.state_write_data_swap_entry_run)
    state_write_data_swap_entry_run          0x0002287d   Thumb Code    50  pstorage.o(i.state_write_data_swap_entry_run)
    i.storage_operation_dummy_handler        0x000228b4   Section        0  device_manager_peripheral.o(i.storage_operation_dummy_handler)
    storage_operation_dummy_handler          0x000228b5   Thumb Code     8  device_manager_peripheral.o(i.storage_operation_dummy_handler)
    i.store_cmd_flash_write_execute          0x000228bc   Section        0  pstorage.o(i.store_cmd_flash_write_execute)
    store_cmd_flash_write_execute            0x000228bd   Thumb Code    94  pstorage.o(i.store_cmd_flash_write_execute)
    i.store_operation_execute                0x00022924   Section        0  pstorage.o(i.store_operation_execute)
    store_operation_execute                  0x00022925   Thumb Code    10  pstorage.o(i.store_operation_execute)
    i.store_sub_state_sm_run                 0x00022930   Section        0  pstorage.o(i.store_sub_state_sm_run)
    store_sub_state_sm_run                   0x00022931   Thumb Code    60  pstorage.o(i.store_sub_state_sm_run)
    i.swap_erase_state_run                   0x00022978   Section        0  pstorage.o(i.swap_erase_state_run)
    swap_erase_state_run                     0x00022979   Thumb Code    26  pstorage.o(i.swap_erase_state_run)
    i.swap_sub_sm_exit_action_run            0x00022998   Section        0  pstorage.o(i.swap_sub_sm_exit_action_run)
    swap_sub_sm_exit_action_run              0x00022999   Thumb Code     8  pstorage.o(i.swap_sub_sm_exit_action_run)
    i.swap_sub_state_entry_action_run        0x000229a0   Section        0  pstorage.o(i.swap_sub_state_entry_action_run)
    swap_sub_state_entry_action_run          0x000229a1   Thumb Code    16  pstorage.o(i.swap_sub_state_entry_action_run)
    i.swap_sub_state_err_busy_process        0x000229b8   Section        0  pstorage.o(i.swap_sub_state_err_busy_process)
    swap_sub_state_err_busy_process          0x000229b9   Thumb Code    24  pstorage.o(i.swap_sub_state_err_busy_process)
    i.swap_sub_state_sm_run                  0x000229d8   Section        0  pstorage.o(i.swap_sub_state_sm_run)
    swap_sub_state_sm_run                    0x000229d9   Thumb Code    16  pstorage.o(i.swap_sub_state_sm_run)
    i.swap_sub_state_state_change            0x000229f0   Section        0  pstorage.o(i.swap_sub_state_state_change)
    swap_sub_state_state_change              0x000229f1   Thumb Code    14  pstorage.o(i.swap_sub_state_state_change)
    i.sys_evt_dispatch                       0x00022a04   Section        0  main.o(i.sys_evt_dispatch)
    sys_evt_dispatch                         0x00022a05   Thumb Code    18  main.o(i.sys_evt_dispatch)
    i.tail_restore_state_run                 0x00022a18   Section        0  pstorage.o(i.tail_restore_state_run)
    tail_restore_state_run                   0x00022a19   Thumb Code    24  pstorage.o(i.tail_restore_state_run)
    i.tail_word_size_calculate               0x00022a34   Section        0  pstorage.o(i.tail_word_size_calculate)
    tail_word_size_calculate                 0x00022a35   Thumb Code    70  pstorage.o(i.tail_word_size_calculate)
    i.ticks_diff_get                         0x00022a80   Section        0  app_timer.o(i.ticks_diff_get)
    ticks_diff_get                           0x00022a81   Thumb Code    10  app_timer.o(i.ticks_diff_get)
    i.timeout_handler_exec                   0x00022a8c   Section        0  app_timer.o(i.timeout_handler_exec)
    timeout_handler_exec                     0x00022a8d   Thumb Code    56  app_timer.o(i.timeout_handler_exec)
    i.timer_list_handler                     0x00022b04   Section        0  app_timer.o(i.timer_list_handler)
    timer_list_handler                       0x00022b05   Thumb Code    72  app_timer.o(i.timer_list_handler)
    i.timer_list_handler_sched               0x00022b58   Section        0  app_timer.o(i.timer_list_handler_sched)
    timer_list_handler_sched                 0x00022b59   Thumb Code    10  app_timer.o(i.timer_list_handler_sched)
    i.timer_list_insert                      0x00022b64   Section        0  app_timer.o(i.timer_list_insert)
    timer_list_insert                        0x00022b65   Thumb Code    98  app_timer.o(i.timer_list_insert)
    i.timer_list_remove                      0x00022bcc   Section        0  app_timer.o(i.timer_list_remove)
    timer_list_remove                        0x00022bcd   Thumb Code    90  app_timer.o(i.timer_list_remove)
    i.timer_start_op_schedule                0x00022c38   Section        0  app_timer.o(i.timer_start_op_schedule)
    timer_start_op_schedule                  0x00022c39   Thumb Code    86  app_timer.o(i.timer_start_op_schedule)
    i.timer_stop_op_schedule                 0x00022c94   Section        0  app_timer.o(i.timer_stop_op_schedule)
    timer_stop_op_schedule                   0x00022c95   Thumb Code    58  app_timer.o(i.timer_stop_op_schedule)
    i.timer_timeout_handler                  0x00022cd4   Section        0  main.o(i.timer_timeout_handler)
    timer_timeout_handler                    0x00022cd5   Thumb Code    28  main.o(i.timer_timeout_handler)
    i.timer_timeouts_check                   0x00022cf8   Section        0  app_timer.o(i.timer_timeouts_check)
    timer_timeouts_check                     0x00022cf9   Thumb Code   130  app_timer.o(i.timer_timeouts_check)
    i.timer_timeouts_check_sched             0x00022d90   Section        0  app_timer.o(i.timer_timeouts_check_sched)
    timer_timeouts_check_sched               0x00022d91   Thumb Code    10  app_timer.o(i.timer_timeouts_check_sched)
    i.timers_init                            0x00022d9c   Section        0  main.o(i.timers_init)
    timers_init                              0x00022d9d   Thumb Code    54  main.o(i.timers_init)
    i.tk_value_encode                        0x00022df0   Section        0  ble_advdata.o(i.tk_value_encode)
    tk_value_encode                          0x00022df1   Thumb Code    70  ble_advdata.o(i.tk_value_encode)
    i.twi_clear_bus                          0x00022e38   Section        0  nrf_drv_twi.o(i.twi_clear_bus)
    twi_clear_bus                            0x00022e39   Thumb Code   138  nrf_drv_twi.o(i.twi_clear_bus)
    i.twi_master_init                        0x00022ecc   Section        0  bosch_bno055.o(i.twi_master_init)
    twi_master_init                          0x00022ecd   Thumb Code    46  bosch_bno055.o(i.twi_master_init)
    i.twi_receive_byte                       0x00022f04   Section        0  nrf_drv_twi.o(i.twi_receive_byte)
    twi_receive_byte                         0x00022f05   Thumb Code    76  nrf_drv_twi.o(i.twi_receive_byte)
    i.twi_rx_start_transfer                  0x00022f50   Section        0  nrf_drv_twi.o(i.twi_rx_start_transfer)
    twi_rx_start_transfer                    0x00022f51   Thumb Code   166  nrf_drv_twi.o(i.twi_rx_start_transfer)
    i.twi_send_byte                          0x00022ff6   Section        0  nrf_drv_twi.o(i.twi_send_byte)
    twi_send_byte                            0x00022ff7   Thumb Code    72  nrf_drv_twi.o(i.twi_send_byte)
    i.twi_transfer                           0x0002303e   Section        0  nrf_drv_twi.o(i.twi_transfer)
    twi_transfer                             0x0002303f   Thumb Code   290  nrf_drv_twi.o(i.twi_transfer)
    i.twi_tx_start_transfer                  0x00023160   Section        0  nrf_drv_twi.o(i.twi_tx_start_transfer)
    twi_tx_start_transfer                    0x00023161   Thumb Code   172  nrf_drv_twi.o(i.twi_tx_start_transfer)
    i.twi_xfer                               0x0002320c   Section        0  nrf_drv_twi.o(i.twi_xfer)
    twi_xfer                                 0x0002320d   Thumb Code   184  nrf_drv_twi.o(i.twi_xfer)
    i.tx_byte                                0x000232c4   Section        0  nrf_drv_uart.o(i.tx_byte)
    tx_byte                                  0x000232c5   Thumb Code    42  nrf_drv_uart.o(i.tx_byte)
    i.tx_done_event                          0x000232fc   Section        0  nrf_drv_uart.o(i.tx_done_event)
    tx_done_event                            0x000232fd   Thumb Code    38  nrf_drv_uart.o(i.tx_done_event)
    i.tx_power_level_encode                  0x00023328   Section        0  ble_advdata.o(i.tx_power_level_encode)
    tx_power_level_encode                    0x00023329   Thumb Code    54  ble_advdata.o(i.tx_power_level_encode)
    i.uart_irq_handler                       0x00023360   Section        0  nrf_drv_uart.o(i.uart_irq_handler)
    uart_irq_handler                         0x00023361   Thumb Code   342  nrf_drv_uart.o(i.uart_irq_handler)
    i.uarte_irq_handler                      0x000234c0   Section        0  nrf_drv_uart.o(i.uarte_irq_handler)
    uarte_irq_handler                        0x000234c1   Thumb Code   286  nrf_drv_uart.o(i.uarte_irq_handler)
    i.uint16_encode                          0x000235ec   Section        0  ble_advdata.o(i.uint16_encode)
    uint16_encode                            0x000235ed   Thumb Code    12  ble_advdata.o(i.uint16_encode)
    i.update_operation_execute               0x000235f8   Section        0  pstorage.o(i.update_operation_execute)
    update_operation_execute                 0x000235f9   Thumb Code     8  pstorage.o(i.update_operation_execute)
    i.update_status_bit_reset                0x00023600   Section        0  device_manager_peripheral.o(i.update_status_bit_reset)
    update_status_bit_reset                  0x00023601   Thumb Code    16  device_manager_peripheral.o(i.update_status_bit_reset)
    i.update_timeout_handler                 0x00023614   Section        0  ble_conn_params.o(i.update_timeout_handler)
    update_timeout_handler                   0x00023615   Thumb Code   126  ble_conn_params.o(i.update_timeout_handler)
    i.user_id_get                            0x000236a4   Section        0  app_timer.o(i.user_id_get)
    user_id_get                              0x000236a5   Thumb Code    78  app_timer.o(i.user_id_get)
    i.user_op_alloc                          0x000236fc   Section        0  app_timer.o(i.user_op_alloc)
    user_op_alloc                            0x000236fd   Thumb Code    48  app_timer.o(i.user_op_alloc)
    i.user_op_enque                          0x0002372c   Section        0  app_timer.o(i.user_op_enque)
    user_op_enque                            0x0002372d   Thumb Code     4  app_timer.o(i.user_op_enque)
    i.uuid_list_encode                       0x00023730   Section        0  ble_advdata.o(i.uuid_list_encode)
    uuid_list_encode                         0x00023731   Thumb Code    78  ble_advdata.o(i.uuid_list_encode)
    i.uuid_list_sized_encode                 0x0002377e   Section        0  ble_advdata.o(i.uuid_list_sized_encode)
    uuid_list_sized_encode                   0x0002377f   Thumb Code   220  ble_advdata.o(i.uuid_list_sized_encode)
    i.whitelist_has_entries                  0x0002385a   Section        0  ble_advertising.o(i.whitelist_has_entries)
    whitelist_has_entries                    0x0002385b   Thumb Code    18  ble_advertising.o(i.whitelist_has_entries)
    .constdata                               0x0002386c   Section       16  main.o(.constdata)
    m_our_char_timer_id                      0x0002386c   Data           4  main.o(.constdata)
    .constdata                               0x0002387c   Section       40  our_service.o(.constdata)
    data_dump_id                             0x0002387c   Data           4  our_service.o(.constdata)
    .constdata                               0x000238a4   Section       24  bosch_bno055.o(.constdata)
    m_twi_master                             0x000238a4   Data           8  bosch_bno055.o(.constdata)
    .constdata                               0x000238bc   Section       60  bsp.o(.constdata)
    m_leds_timer_id                          0x000238bc   Data           4  bsp.o(.constdata)
    m_alert_timer_id                         0x000238c0   Data           4  bsp.o(.constdata)
    m_button_timer_id                        0x000238c4   Data           4  bsp.o(.constdata)
    m_buttons_list                           0x000238c8   Data          16  bsp.o(.constdata)
    app_buttons                              0x000238d8   Data          32  bsp.o(.constdata)
    .constdata                               0x000238f8   Section        4  ble_conn_params.o(.constdata)
    m_conn_params_timer_id                   0x000238f8   Data           4  ble_conn_params.o(.constdata)
    .constdata                               0x000238fc   Section       52  device_manager_peripheral.o(.constdata)
    .constdata                               0x00023930   Section       40  pstorage.o(.constdata)
    swap_sub_state_sm_lut                    0x00023930   Data          20  pstorage.o(.constdata)
    swap_sub_state_sm_lut                    0x00023944   Data          20  pstorage.o(.constdata)
    .constdata                               0x00023958   Section       44  nrf_drv_twi.o(.constdata)
    m_default_config                         0x00023958   Data          32  nrf_drv_twi.o(.constdata)
    .constdata                               0x00023984   Section       16  segger_rtt_printf.o(.constdata)
    _aV2C                                    0x00023984   Data          16  segger_rtt_printf.o(.constdata)
    .conststring                             0x00023994   Section       76  device_manager_peripheral.o(.conststring)
    .conststring                             0x000239e0   Section       87  softdevice_handler.o(.conststring)
    .conststring                             0x00023a38   Section        9  segger_rtt.o(.conststring)
    .data                                    0x20002080   Section       98  main.o(.data)
    m_app_handle                             0x20002080   Data           1  main.o(.data)
    m_conn_handle                            0x20002082   Data           2  main.o(.data)
    spi_xfer_done                            0x200020a1   Data           1  main.o(.data)
    m_adv_uuids                              0x200020de   Data           4  main.o(.data)
    .data                                    0x200020e2   Section        2  our_service.o(.data)
    .data                                    0x200020e4   Section       20  bosch_bno055.o(.data)
    .data                                    0x200020f8   Section       25  bsp.o(.data)
    m_stable_state                           0x200020f8   Data           1  bsp.o(.data)
    m_app_ticks_per_100ms                    0x200020fc   Data           4  bsp.o(.data)
    m_indication_type                        0x20002100   Data           4  bsp.o(.data)
    m_alert_mask                             0x20002104   Data           4  bsp.o(.data)
    m_registered_callback                    0x20002108   Data           4  bsp.o(.data)
    current_long_push_pin_no                 0x2000210c   Data           1  bsp.o(.data)
    release_event_at_push                    0x2000210d   Data           4  bsp.o(.data)
    .data                                    0x20002114   Section        8  bsp_btn_ble.o(.data)
    m_error_handler                          0x20002114   Data           4  bsp_btn_ble.o(.data)
    m_num_connections                        0x20002118   Data           4  bsp_btn_ble.o(.data)
    .data                                    0x2000211c   Section       32  ble_advertising.o(.data)
    m_advertising_start_pending              0x2000211c   Data           1  ble_advertising.o(.data)
    m_peer_address                           0x2000211d   Data           7  ble_advertising.o(.data)
    m_adv_evt                                0x20002124   Data           1  ble_advertising.o(.data)
    m_evt_handler                            0x20002128   Data           4  ble_advertising.o(.data)
    m_error_handler                          0x2000212c   Data           4  ble_advertising.o(.data)
    m_adv_mode_current                       0x20002130   Data           1  ble_advertising.o(.data)
    m_whitelist_temporarily_disabled         0x20002131   Data           1  ble_advertising.o(.data)
    m_whitelist_reply_expected               0x20002132   Data           1  ble_advertising.o(.data)
    m_peer_addr_reply_expected               0x20002133   Data           1  ble_advertising.o(.data)
    m_slave_conn_int                         0x20002134   Data           4  ble_advertising.o(.data)
    m_tx_power_level                         0x20002138   Data           1  ble_advertising.o(.data)
    current_slave_link_conn_handle           0x2000213a   Data           2  ble_advertising.o(.data)
    .data                                    0x2000213c   Section       21  ble_conn_params.o(.data)
    m_preferred_conn_params                  0x2000213c   Data           8  ble_conn_params.o(.data)
    m_update_count                           0x20002144   Data           1  ble_conn_params.o(.data)
    m_conn_handle                            0x20002146   Data           2  ble_conn_params.o(.data)
    m_current_conn_params                    0x20002148   Data           8  ble_conn_params.o(.data)
    m_change_param                           0x20002150   Data           1  ble_conn_params.o(.data)
    .data                                    0x20002154   Section       20  device_manager_peripheral.o(.data)
    m_storage_handle                         0x20002154   Data           8  device_manager_peripheral.o(.data)
    m_peer_addr_update                       0x2000215c   Data           4  device_manager_peripheral.o(.data)
    m_module_initialized                     0x20002160   Data           1  device_manager_peripheral.o(.data)
    m_irk_index_table                        0x20002161   Data           7  device_manager_peripheral.o(.data)
    .data                                    0x20002168   Section       40  pstorage.o(.data)
    m_next_app_instance                      0x20002168   Data           2  pstorage.o(.data)
    m_next_page_addr                         0x2000216c   Data           4  pstorage.o(.data)
    m_state                                  0x20002170   Data           1  pstorage.o(.data)
    m_swap_sub_state                         0x20002171   Data           1  pstorage.o(.data)
    m_head_word_size                         0x20002174   Data           4  pstorage.o(.data)
    m_tail_word_size                         0x20002178   Data           4  pstorage.o(.data)
    m_current_page_id                        0x2000217c   Data           4  pstorage.o(.data)
    m_num_of_command_retries                 0x20002180   Data           4  pstorage.o(.data)
    m_num_of_bytes_written                   0x20002184   Data           4  pstorage.o(.data)
    m_app_data_size                          0x20002188   Data           4  pstorage.o(.data)
    m_flags                                  0x2000218c   Data           4  pstorage.o(.data)
    .data                                    0x20002190   Section       34  app_timer.o(.data)
    m_user_array_size                        0x20002190   Data           1  app_timer.o(.data)
    mp_users                                 0x20002194   Data           4  app_timer.o(.data)
    mp_timer_id_head                         0x20002198   Data           4  app_timer.o(.data)
    m_ticks_latest                           0x2000219c   Data           4  app_timer.o(.data)
    m_ticks_elapsed                          0x200021a0   Data           8  app_timer.o(.data)
    m_ticks_elapsed_q_read_ind               0x200021a8   Data           1  app_timer.o(.data)
    m_ticks_elapsed_q_write_ind              0x200021a9   Data           1  app_timer.o(.data)
    m_evt_schedule_func                      0x200021ac   Data           4  app_timer.o(.data)
    m_rtc1_running                           0x200021b0   Data           1  app_timer.o(.data)
    m_rtc1_reset                             0x200021b1   Data           1  app_timer.o(.data)
    .data                                    0x200021b4   Section       24  softdevice_handler.o(.data)
    m_evt_schedule_func                      0x200021b4   Data           4  softdevice_handler.o(.data)
    m_softdevice_enabled                     0x200021b8   Data           1  softdevice_handler.o(.data)
    mp_ble_evt_buffer                        0x200021bc   Data           4  softdevice_handler.o(.data)
    m_ble_evt_buffer_size                    0x200021c0   Data           2  softdevice_handler.o(.data)
    m_ble_evt_handler                        0x200021c4   Data           4  softdevice_handler.o(.data)
    m_sys_evt_handler                        0x200021c8   Data           4  softdevice_handler.o(.data)
    .data                                    0x200021cc   Section      121  segger_rtt.o(.data)
    _SEGGER_RTT                              0x200021cc   Data         120  segger_rtt.o(.data)
    _ActiveTerminal                          0x20002244   Data           1  segger_rtt.o(.data)
    .data                                    0x20002248   Section        4  system_nrf52.o(.data)
    __tagsym$$used                           0x20002248   Number         0  system_nrf52.o(.data)
    .bss                                     0x2000224c   Section     1016  main.o(.bss)
    ADXLdataBuffer                           0x20002260   Data         196  main.o(.bss)
    ADXLdataBuffer2                          0x20002324   Data         196  main.o(.bss)
    m_our_char_timer_id_data                 0x200023f4   Data          32  main.o(.bss)
    data_dump_id_data                        0x20002414   Data          32  main.o(.bss)
    APP_TIMER_BUF                            0x20002434   Data         456  main.o(.bss)
    BLE_EVT_BUFFER                           0x200025fc   Data          72  main.o(.bss)
    .bss                                     0x20002644   Section       32  our_service.o(.bss)
    data_dump_id_data                        0x20002644   Data          32  our_service.o(.bss)
    .bss                                     0x20002664   Section      100  bosch_bno055.o(.bss)
    .bss                                     0x200026c8   Section      108  bsp.o(.bss)
    m_leds_timer_id_data                     0x200026c8   Data          32  bsp.o(.bss)
    m_alert_timer_id_data                    0x200026e8   Data          32  bsp.o(.bss)
    m_events_list                            0x20002708   Data          12  bsp.o(.bss)
    m_button_timer_id_data                   0x20002714   Data          32  bsp.o(.bss)
    .bss                                     0x20002734   Section      259  ble_advertising.o(.bss)
    m_advdata                                0x20002734   Data          56  ble_advertising.o(.bss)
    m_adv_modes_config                       0x2000276c   Data          36  ble_advertising.o(.bss)
    m_whitelist                              0x20002790   Data          16  ble_advertising.o(.bss)
    mp_whitelist_addr                        0x200027a0   Data          32  ble_advertising.o(.bss)
    mp_whitelist_irk                         0x200027c0   Data          32  ble_advertising.o(.bss)
    m_manuf_specific_data                    0x200027e0   Data          12  ble_advertising.o(.bss)
    m_manuf_data_array                       0x200027ec   Data          31  ble_advertising.o(.bss)
    m_service_data                           0x2000280c   Data          12  ble_advertising.o(.bss)
    m_service_data_array                     0x20002818   Data          31  ble_advertising.o(.bss)
    .bss                                     0x20002838   Section       60  ble_conn_params.o(.bss)
    m_conn_params_config                     0x20002838   Data          28  ble_conn_params.o(.bss)
    m_conn_params_timer_id_data              0x20002854   Data          32  ble_conn_params.o(.bss)
    .bss                                     0x20002874   Section      335  device_manager_peripheral.o(.bss)
    m_app_context_table                      0x20002874   Data          28  device_manager_peripheral.o(.bss)
    m_peer_table                             0x20002890   Data         196  device_manager_peripheral.o(.bss)
    m_bond_table                             0x20002954   Data          28  device_manager_peripheral.o(.bss)
    m_gatts_table                            0x20002970   Data          36  device_manager_peripheral.o(.bss)
    m_connection_table                       0x20002994   Data          12  device_manager_peripheral.o(.bss)
    m_application_table                      0x200029a0   Data          12  device_manager_peripheral.o(.bss)
    m_local_id_info                          0x200029ac   Data          23  device_manager_peripheral.o(.bss)
    .bss                                     0x200029c4   Section       88  nrf_drv_gpiote.o(.bss)
    m_cb                                     0x200029c4   Data          88  nrf_drv_gpiote.o(.bss)
    .bss                                     0x20002a1c   Section       32  nrf_drv_uart.o(.bss)
    m_cb                                     0x20002a1c   Data          32  nrf_drv_uart.o(.bss)
    .bss                                     0x20002a3c   Section      228  pstorage.o(.bss)
    m_cmd_queue                              0x20002a3c   Data         204  pstorage.o(.bss)
    m_app_table                              0x20002b08   Data          24  pstorage.o(.bss)
    .bss                                     0x20002b20   Section       80  nrf_drv_twi.o(.bss)
    m_cb                                     0x20002b20   Data          80  nrf_drv_twi.o(.bss)
    .bss                                     0x20002b70   Section       32  app_error.o(.bss)
    m_error_data                             0x20002b70   Data          32  app_error.o(.bss)
    .bss                                     0x20002b90   Section       88  fstorage.o(.bss)
    m_queue                                  0x20002b90   Data          88  fstorage.o(.bss)
    .bss                                     0x20002be8   Section       12  softdevice_handler.o(.bss)
    .bss                                     0x20002bf4   Section     1040  segger_rtt.o(.bss)
    _acUpBuffer                              0x20002bf4   Data        1024  segger_rtt.o(.bss)
    _acDownBuffer                            0x20002ff4   Data          16  segger_rtt.o(.bss)
    STACK                                    0x20003008   Section     8192  arm_startup_nrf52.o(STACK)

    Global Symbols

    Symbol Name                              Value     Ov Type        Size  Object(Section)

    BuildAttributes$$THM_ISAv4$E$P$D$K$B$S$7EM$VFPi3$EXTD16$VFPS$VFMA$PE$A:L22UL41UL21$X:L11$S22US41US21$IEEE1$IW$USESV6$~STKCKD$USESV7$~SHL$OSPACE$ROPI$EBA8$MICROLIB$REQ8$PRES8$EABIv2 0x00000000   Number         0  anon$$obj.o ABSOLUTE
    __ARM_use_no_argv                        0x00000000   Number         0  main.o ABSOLUTE
    __cpp_initialize__aeabi_                  - Undefined Weak Reference
    __cxa_finalize                            - Undefined Weak Reference
    _clock_init                               - Undefined Weak Reference
    _microlib_exit                            - Undefined Weak Reference
    fs_data$$Base                             - Undefined Reference
    fs_data$$Limit                            - Undefined Reference
    __Vectors_Size                           0x00000400   Number         0  arm_startup_nrf52.o ABSOLUTE
    __Vectors                                0x0001c000   Data           4  arm_startup_nrf52.o(RESET)
    __Vectors_End                            0x0001c400   Data           0  arm_startup_nrf52.o(RESET)
    __main                                   0x0001c401   Thumb Code     0  entry.o(.ARM.Collect$$$$00000000)
    _main_stk                                0x0001c401   Thumb Code     0  entry2.o(.ARM.Collect$$$$00000001)
    _main_scatterload                        0x0001c405   Thumb Code     0  entry5.o(.ARM.Collect$$$$00000004)
    __main_after_scatterload                 0x0001c409   Thumb Code     0  entry5.o(.ARM.Collect$$$$00000004)
    _main_clock                              0x0001c409   Thumb Code     0  entry7b.o(.ARM.Collect$$$$00000008)
    _main_cpp_init                           0x0001c409   Thumb Code     0  entry8b.o(.ARM.Collect$$$$0000000A)
    _main_init                               0x0001c409   Thumb Code     0  entry9a.o(.ARM.Collect$$$$0000000B)
    __rt_final_cpp                           0x0001c411   Thumb Code     0  entry10a.o(.ARM.Collect$$$$0000000D)
    __rt_final_exit                          0x0001c411   Thumb Code     0  entry11a.o(.ARM.Collect$$$$0000000F)
    __asm___11_nrf_delay_c_532987f3__nrf_delay_us 0x0001c415   Thumb Code   118  nrf_delay.o(.emb_text)
    __asm___13_nrf_drv_twi_c_a9bcf68d__nrf_delay_us 0x0001c48d   Thumb Code   118  nrf_drv_twi.o(.emb_text)
    __asm___11_app_timer_c_cd27f9c3__nrf_delay_us 0x0001c505   Thumb Code   118  app_timer.o(.emb_text)
    Reset_Handler                            0x0001c57d   Thumb Code     8  arm_startup_nrf52.o(.text)
    NMI_Handler                              0x0001c585   Thumb Code     2  arm_startup_nrf52.o(.text)
    HardFault_Handler                        0x0001c587   Thumb Code     2  arm_startup_nrf52.o(.text)
    MemoryManagement_Handler                 0x0001c589   Thumb Code     2  arm_startup_nrf52.o(.text)
    BusFault_Handler                         0x0001c58b   Thumb Code     2  arm_startup_nrf52.o(.text)
    UsageFault_Handler                       0x0001c58d   Thumb Code     2  arm_startup_nrf52.o(.text)
    SVC_Handler                              0x0001c58f   Thumb Code     2  arm_startup_nrf52.o(.text)
    DebugMon_Handler                         0x0001c591   Thumb Code     2  arm_startup_nrf52.o(.text)
    PendSV_Handler                           0x0001c593   Thumb Code     2  arm_startup_nrf52.o(.text)
    SysTick_Handler                          0x0001c595   Thumb Code     2  arm_startup_nrf52.o(.text)
    CCM_AAR_IRQHandler                       0x0001c597   Thumb Code     0  arm_startup_nrf52.o(.text)
    COMP_LPCOMP_IRQHandler                   0x0001c597   Thumb Code     0  arm_startup_nrf52.o(.text)
    ECB_IRQHandler                           0x0001c597   Thumb Code     0  arm_startup_nrf52.o(.text)
    FPU_IRQHandler                           0x0001c597   Thumb Code     0  arm_startup_nrf52.o(.text)
    I2S_IRQHandler                           0x0001c597   Thumb Code     0  arm_startup_nrf52.o(.text)
    MWU_IRQHandler                           0x0001c597   Thumb Code     0  arm_startup_nrf52.o(.text)
    NFCT_IRQHandler                          0x0001c597   Thumb Code     0  arm_startup_nrf52.o(.text)
    PDM_IRQHandler                           0x0001c597   Thumb Code     0  arm_startup_nrf52.o(.text)
    POWER_CLOCK_IRQHandler                   0x0001c597   Thumb Code     0  arm_startup_nrf52.o(.text)
    PWM0_IRQHandler                          0x0001c597   Thumb Code     0  arm_startup_nrf52.o(.text)
    PWM1_IRQHandler                          0x0001c597   Thumb Code     0  arm_startup_nrf52.o(.text)
    PWM2_IRQHandler                          0x0001c597   Thumb Code     0  arm_startup_nrf52.o(.text)
    QDEC_IRQHandler                          0x0001c597   Thumb Code     0  arm_startup_nrf52.o(.text)
    RADIO_IRQHandler                         0x0001c597   Thumb Code     0  arm_startup_nrf52.o(.text)
    RNG_IRQHandler                           0x0001c597   Thumb Code     0  arm_startup_nrf52.o(.text)
    RTC0_IRQHandler                          0x0001c597   Thumb Code     0  arm_startup_nrf52.o(.text)
    RTC2_IRQHandler                          0x0001c597   Thumb Code     0  arm_startup_nrf52.o(.text)
    SAADC_IRQHandler                         0x0001c597   Thumb Code     0  arm_startup_nrf52.o(.text)
    SPIM2_SPIS2_SPI2_IRQHandler              0x0001c597   Thumb Code     0  arm_startup_nrf52.o(.text)
    SWI1_EGU1_IRQHandler                     0x0001c597   Thumb Code     0  arm_startup_nrf52.o(.text)
    SWI3_EGU3_IRQHandler                     0x0001c597   Thumb Code     0  arm_startup_nrf52.o(.text)
    SWI4_EGU4_IRQHandler                     0x0001c597   Thumb Code     0  arm_startup_nrf52.o(.text)
    SWI5_EGU5_IRQHandler                     0x0001c597   Thumb Code     0  arm_startup_nrf52.o(.text)
    TEMP_IRQHandler                          0x0001c597   Thumb Code     0  arm_startup_nrf52.o(.text)
    TIMER0_IRQHandler                        0x0001c597   Thumb Code     0  arm_startup_nrf52.o(.text)
    TIMER1_IRQHandler                        0x0001c597   Thumb Code     0  arm_startup_nrf52.o(.text)
    TIMER2_IRQHandler                        0x0001c597   Thumb Code     0  arm_startup_nrf52.o(.text)
    TIMER3_IRQHandler                        0x0001c597   Thumb Code     0  arm_startup_nrf52.o(.text)
    TIMER4_IRQHandler                        0x0001c597   Thumb Code     0  arm_startup_nrf52.o(.text)
    WDT_IRQHandler                           0x0001c597   Thumb Code     0  arm_startup_nrf52.o(.text)
    __aeabi_memcpy                           0x0001c5a1   Thumb Code    36  memcpya.o(.text)
    __aeabi_memcpy4                          0x0001c5a1   Thumb Code     0  memcpya.o(.text)
    __aeabi_memcpy8                          0x0001c5a1   Thumb Code     0  memcpya.o(.text)
    __aeabi_memset                           0x0001c5c5   Thumb Code    14  memseta.o(.text)
    __aeabi_memset4                          0x0001c5c5   Thumb Code     0  memseta.o(.text)
    __aeabi_memset8                          0x0001c5c5   Thumb Code     0  memseta.o(.text)
    __aeabi_memclr                           0x0001c5d3   Thumb Code     4  memseta.o(.text)
    __aeabi_memclr4                          0x0001c5d3   Thumb Code     0  memseta.o(.text)
    __aeabi_memclr8                          0x0001c5d3   Thumb Code     0  memseta.o(.text)
    _memset$wrapper                          0x0001c5d7   Thumb Code    18  memseta.o(.text)
    memcmp                                   0x0001c5e9   Thumb Code    26  memcmp.o(.text)
    __scatterload                            0x0001c605   Thumb Code    28  init.o(.text)
    __scatterload_rt2                        0x0001c605   Thumb Code     0  init.o(.text)
    __decompress                             0x0001c629   Thumb Code     0  __dczerorl.o(.text)
    __decompress0                            0x0001c629   Thumb Code    58  __dczerorl.o(.text)
    GPIOTE_IRQHandler                        0x0001c665   Thumb Code   420  nrf_drv_gpiote.o(i.GPIOTE_IRQHandler)
    RTC1_IRQHandler                          0x0001c88d   Thumb Code    44  app_timer.o(i.RTC1_IRQHandler)
    SEGGER_RTT_Write                         0x0001c8c1   Thumb Code   364  segger_rtt.o(i.SEGGER_RTT_Write)
    SEGGER_RTT_WriteString                   0x0001ca31   Thumb Code    26  segger_rtt.o(i.SEGGER_RTT_WriteString)
    SEGGER_RTT_printf                        0x0001ca4b   Thumb Code    26  segger_rtt_printf.o(i.SEGGER_RTT_printf)
    SEGGER_RTT_vprintf                       0x0001ca65   Thumb Code   504  segger_rtt_printf.o(i.SEGGER_RTT_vprintf)
    SPIM0_SPIS0_TWIM0_TWIS0_SPI0_TWI0_IRQHandler 0x0001cc5d   Thumb Code    12  nrf_drv_twi.o(i.SPIM0_SPIS0_TWIM0_TWIS0_SPI0_TWI0_IRQHandler)
    SPIM1_SPIS1_TWIM1_TWIS1_SPI1_TWI1_IRQHandler 0x0001cc71   Thumb Code    14  nrf_drv_twi.o(i.SPIM1_SPIS1_TWIM1_TWIS1_SPI1_TWI1_IRQHandler)
    SWI0_EGU0_IRQHandler                     0x0001cc85   Thumb Code     8  app_timer.o(i.SWI0_EGU0_IRQHandler)
    SWI2_EGU2_IRQHandler                     0x0001cc8d   Thumb Code    48  softdevice_handler.o(i.SWI2_EGU2_IRQHandler)
    SystemCoreClockUpdate                    0x0001ccc5   Thumb Code     8  system_nrf52.o(i.SystemCoreClockUpdate)
    SystemInit                               0x0001ccd5   Thumb Code   532  system_nrf52.o(i.SystemInit)
    UARTE0_UART0_IRQHandler                  0x0001cf21   Thumb Code    20  nrf_drv_uart.o(i.UARTE0_UART0_IRQHandler)
    __scatterload_copy                       0x0001d15d   Thumb Code    14  handlers.o(i.__scatterload_copy)
    __scatterload_null                       0x0001d16b   Thumb Code     2  handlers.o(i.__scatterload_null)
    __scatterload_zeroinit                   0x0001d16d   Thumb Code    14  handlers.o(i.__scatterload_zeroinit)
    adv_data_encode                          0x0001d199   Thumb Code   454  ble_advdata.o(i.adv_data_encode)
    app_error_fault_handler                  0x0001d44d   Thumb Code    26  app_error_weak.o(i.app_error_fault_handler)
    app_error_handler                        0x0001d467   Thumb Code    32  app_error.o(i.app_error_handler)
    app_error_save_and_stop                  0x0001d489   Thumb Code   132  app_error.o(i.app_error_save_and_stop)
    app_timer_create                         0x0001d589   Thumb Code    56  app_timer.o(i.app_timer_create)
    app_timer_init                           0x0001d5c5   Thumb Code   154  app_timer.o(i.app_timer_init)
    app_timer_start                          0x0001d67d   Thumb Code    84  app_timer.o(i.app_timer_start)
    app_timer_stop                           0x0001d6d5   Thumb Code    48  app_timer.o(i.app_timer_stop)
    ble_advdata_set                          0x0001d775   Thumb Code   148  ble_advdata.o(i.ble_advdata_set)
    ble_advertising_init                     0x0001d809   Thumb Code   324  ble_advertising.o(i.ble_advertising_init)
    ble_advertising_on_ble_evt               0x0001d985   Thumb Code   224  ble_advertising.o(i.ble_advertising_on_ble_evt)
    ble_advertising_on_sys_evt               0x0001da7d   Thumb Code    64  ble_advertising.o(i.ble_advertising_on_sys_evt)
    ble_advertising_start                    0x0001dad9   Thumb Code   604  ble_advertising.o(i.ble_advertising_start)
    ble_conn_params_init                     0x0001dd61   Thumb Code    84  ble_conn_params.o(i.ble_conn_params_init)
    ble_conn_params_on_ble_evt               0x0001ddd1   Thumb Code    62  ble_conn_params.o(i.ble_conn_params_on_ble_evt)
    ble_our_service_on_ble_evt               0x0001deb5   Thumb Code   120  our_service.o(i.ble_our_service_on_ble_evt)
    bond_data_load                           0x0001e0a9   Thumb Code    64  device_manager_peripheral.o(i.bond_data_load)
    bsp_btn_ble_on_ble_evt                   0x0001e0f9   Thumb Code   110  bsp_btn_ble.o(i.bsp_btn_ble_on_ble_evt)
    bsp_event_to_button_action_assign        0x0001e24d   Thumb Code    86  bsp.o(i.bsp_event_to_button_action_assign)
    bsp_indication_set                       0x0001e2a9   Thumb Code    28  bsp.o(i.bsp_indication_set)
    dm_ble_evt_handler                       0x0001f2fd   Thumb Code  1696  device_manager_peripheral.o(i.dm_ble_evt_handler)
    dm_handle_initialize                     0x0001f9b5   Thumb Code    24  device_manager_peripheral.o(i.dm_handle_initialize)
    dm_init                                  0x0001f9cd   Thumb Code   234  device_manager_peripheral.o(i.dm_init)
    dm_register                              0x0001fd31   Thumb Code   166  device_manager_peripheral.o(i.dm_register)
    fs_queued_op_count_get                   0x00020201   Thumb Code    18  fstorage.o(i.fs_queued_op_count_get)
    initBosch                                0x000205bd   Thumb Code   682  bosch_bno055.o(i.initBosch)
    init_i2c                                 0x00020875   Thumb Code    26  bosch_bno055.o(i.init_i2c)
    initializePin                            0x00020891   Thumb Code    46  main.o(i.initializePin)
    int_fxn                                  0x000208dd   Thumb Code     2  main.o(i.int_fxn)
    intern_softdevice_events_execute         0x000208e1   Thumb Code   150  softdevice_handler.o(i.intern_softdevice_events_execute)
    main                                     0x00020d59   Thumb Code   246  main.o(i.main)
    nrf_delay_ms                             0x0002102f   Thumb Code    26  nrf_delay.o(i.nrf_delay_ms)
    nrf_drv_common_irq_enable                0x00021049   Thumb Code    84  nrf_drv_common.o(i.nrf_drv_common_irq_enable)
    nrf_drv_gpiote_in_event_enable           0x000210b5   Thumb Code   170  nrf_drv_gpiote.o(i.nrf_drv_gpiote_in_event_enable)
    nrf_drv_gpiote_in_init                   0x0002116d   Thumb Code   198  nrf_drv_gpiote.o(i.nrf_drv_gpiote_in_init)
    nrf_drv_gpiote_init                      0x00021245   Thumb Code    78  nrf_drv_gpiote.o(i.nrf_drv_gpiote_init)
    nrf_drv_gpiote_is_init                   0x00021299   Thumb Code    16  nrf_drv_gpiote.o(i.nrf_drv_gpiote_is_init)
    nrf_drv_gpiote_out_clear                 0x000212ad   Thumb Code    12  nrf_drv_gpiote.o(i.nrf_drv_gpiote_out_clear)
    nrf_drv_gpiote_out_init                  0x000212b9   Thumb Code   190  nrf_drv_gpiote.o(i.nrf_drv_gpiote_out_init)
    nrf_drv_gpiote_out_set                   0x00021385   Thumb Code    12  nrf_drv_gpiote.o(i.nrf_drv_gpiote_out_set)
    nrf_drv_twi_enable                       0x00021391   Thumb Code    32  nrf_drv_twi.o(i.nrf_drv_twi_enable)
    nrf_drv_twi_init                         0x000213b5   Thumb Code   142  nrf_drv_twi.o(i.nrf_drv_twi_init)
    nrf_drv_twi_rx                           0x00021451   Thumb Code    40  nrf_drv_twi.o(i.nrf_drv_twi_rx)
    nrf_drv_twi_tx                           0x0002147d   Thumb Code    60  nrf_drv_twi.o(i.nrf_drv_twi_tx)
    nrf_drv_twi_xfer                         0x000214b9   Thumb Code    54  nrf_drv_twi.o(i.nrf_drv_twi_xfer)
    our_service_init                         0x000219a5   Thumb Code   100  our_service.o(i.our_service_init)
    our_termperature_characteristic_update   0x00021a25   Thumb Code    68  our_service.o(i.our_termperature_characteristic_update)
    pstorage_access_status_get               0x00021b75   Thumb Code    36  pstorage.o(i.pstorage_access_status_get)
    pstorage_block_identifier_get            0x00021ba1   Thumb Code   154  pstorage.o(i.pstorage_block_identifier_get)
    pstorage_clear                           0x00021c45   Thumb Code   280  pstorage.o(i.pstorage_clear)
    pstorage_init                            0x00021d8d   Thumb Code   110  pstorage.o(i.pstorage_init)
    pstorage_load                            0x00021e1d   Thumb Code   236  pstorage.o(i.pstorage_load)
    pstorage_register                        0x00021f11   Thumb Code   256  pstorage.o(i.pstorage_register)
    pstorage_store                           0x00022021   Thumb Code   212  pstorage.o(i.pstorage_store)
    pstorage_sys_event_handler               0x000220fd   Thumb Code    62  pstorage.o(i.pstorage_sys_event_handler)
    pstorage_update                          0x00022145   Thumb Code   212  pstorage.o(i.pstorage_update)
    readEuler                                0x00022221   Thumb Code    86  bosch_bno055.o(i.readEuler)
    readGyro                                 0x00022289   Thumb Code    14  main.o(i.readGyro)
    sd_check_ram_start                       0x000223d5   Thumb Code    22  softdevice_handler.o(i.sd_check_ram_start)
    softdevice_ble_evt_handler_set           0x000225b1   Thumb Code    20  softdevice_handler.o(i.softdevice_ble_evt_handler_set)
    softdevice_enable                        0x000225c9   Thumb Code    24  softdevice_handler.o(i.softdevice_enable)
    softdevice_enable_get_default_config     0x000225e5   Thumb Code    44  softdevice_handler.o(i.softdevice_enable_get_default_config)
    softdevice_fault_handler                 0x00022611   Thumb Code    20  softdevice_handler.o(i.softdevice_fault_handler)
    softdevice_handler_init                  0x00022625   Thumb Code    80  softdevice_handler.o(i.softdevice_handler_init)
    softdevice_sys_evt_handler_set           0x00022689   Thumb Code    20  softdevice_handler.o(i.softdevice_sys_evt_handler_set)
    startUartXfer                            0x000226b1   Thumb Code    18  our_service.o(i.startUartXfer)
    m_service_context_store                  0x000238fc   Data          16  device_manager_peripheral.o(.constdata)
    m_service_context_load                   0x0002390c   Data          16  device_manager_peripheral.o(.constdata)
    m_service_context_apply                  0x0002391c   Data          16  device_manager_peripheral.o(.constdata)
    m_context_init_len                       0x0002392c   Data           4  device_manager_peripheral.o(.constdata)
    Region$$Table$$Base                      0x00023a44   Number         0  anon$$obj.o(Region$$Table)
    Region$$Table$$Limit                     0x00023a64   Number         0  anon$$obj.o(Region$$Table)
    Image$$RW_IRAM1$$Base                    0x20002080   Number         0  anon$$obj.o ABSOLUTE
    vector                                   0x20002088   Data           8  main.o(.data)
    mainADXLid                               0x20002090   Data           1  main.o(.data)
    antADXLid                                0x20002091   Data           1  main.o(.data)
    testANT                                  0x20002092   Data           1  main.o(.data)
    cs_flag                                  0x20002093   Data           1  main.o(.data)
    FRAMregister                             0x20002094   Data           4  main.o(.data)
    FRAMreadRegister                         0x20002098   Data           4  main.o(.data)
    registerAtStop                           0x2000209c   Data           4  main.o(.data)
    FRAMfull                                 0x200020a0   Data           1  main.o(.data)
    buffTx                                   0x200020a2   Data           1  main.o(.data)
    addrBuffTx                               0x200020a4   Data           4  main.o(.data)
    i                                        0x200020a8   Data           1  main.o(.data)
    writeFlag                                0x200020a9   Data           1  main.o(.data)
    greatestVal                              0x200020b0   Data           8  main.o(.data)
    greatestVal2                             0x200020b8   Data           8  main.o(.data)
    isInt                                    0x200020c0   Data           4  main.o(.data)
    main_bosch_address_pin                   0x200020c4   Data           4  main.o(.data)
    green_led                                0x200020c8   Data           4  main.o(.data)
    yellow_led                               0x200020cc   Data           4  main.o(.data)
    red_led                                  0x200020d0   Data           4  main.o(.data)
    boschIntEval                             0x200020d4   Data           4  main.o(.data)
    boschInt                                 0x200020d8   Data           4  main.o(.data)
    blockUpdate                              0x200020dc   Data           1  main.o(.data)
    FRAMflag                                 0x200020e2   Data           1  our_service.o(.data)
    readFRAMflag                             0x200020e3   Data           1  our_service.o(.data)
    BOSCH_ADDRESS                            0x200020e4   Data           1  bosch_bno055.o(.data)
    set_power_mode_normal                    0x200020e5   Data           2  bosch_bno055.o(.data)
    swap_page1                               0x200020e7   Data           2  bosch_bno055.o(.data)
    swap_page0                               0x200020e9   Data           2  bosch_bno055.o(.data)
    read_acc_settings                        0x200020eb   Data           1  bosch_bno055.o(.data)
    enable_nm_int                            0x200020ec   Data           2  bosch_bno055.o(.data)
    int_mask_nm                              0x200020ee   Data           2  bosch_bno055.o(.data)
    am_thres                                 0x200020f0   Data           2  bosch_bno055.o(.data)
    am_duration                              0x200020f2   Data           2  bosch_bno055.o(.data)
    nm_40seconds                             0x200020f4   Data           2  bosch_bno055.o(.data)
    operation_mode_9dof                      0x200020f6   Data           2  bosch_bno055.o(.data)
    SystemCoreClock                          0x20002248   Data           4  system_nrf52.o(.data)
    greatestSample                           0x2000224c   Data          20  main.o(.bss)
    m_our_service                            0x200023e8   Data          12  main.o(.bss)
    buffRx                                   0x20002664   Data         100  bosch_bno055.o(.bss)
    nrf_nvic_state                           0x20002be8   Data          12  softdevice_handler.o(.bss)
    __initial_sp                             0x20005008   Data           0  arm_startup_nrf52.o(STACK)



==============================================================================

Memory Map of the image

  Image Entry point : 0x0001c401

  Load Region LR_IROM1 (Base: 0x0001c000, Size: 0x00007c30, Max: 0x00064000, ABSOLUTE, COMPRESSED[0x00007ac8])

    Execution Region ER_IROM1 (Base: 0x0001c000, Size: 0x00007a64, Max: 0x00064000, ABSOLUTE)

    Base Addr    Size         Type   Attr      Idx    E Section Name        Object

    0x0001c000   0x00000400   Data   RO         3497    RESET               arm_startup_nrf52.o
    0x0001c400   0x00000000   Code   RO         3582  * .ARM.Collect$$$$00000000  mc_w.l(entry.o)
    0x0001c400   0x00000004   Code   RO         3601    .ARM.Collect$$$$00000001  mc_w.l(entry2.o)
    0x0001c404   0x00000004   Code   RO         3604    .ARM.Collect$$$$00000004  mc_w.l(entry5.o)
    0x0001c408   0x00000000   Code   RO         3606    .ARM.Collect$$$$00000008  mc_w.l(entry7b.o)
    0x0001c408   0x00000000   Code   RO         3608    .ARM.Collect$$$$0000000A  mc_w.l(entry8b.o)
    0x0001c408   0x00000008   Code   RO         3609    .ARM.Collect$$$$0000000B  mc_w.l(entry9a.o)
    0x0001c410   0x00000000   Code   RO         3611    .ARM.Collect$$$$0000000D  mc_w.l(entry10a.o)
    0x0001c410   0x00000000   Code   RO         3613    .ARM.Collect$$$$0000000F  mc_w.l(entry11a.o)
    0x0001c410   0x00000004   Code   RO         3602    .ARM.Collect$$$$00002712  mc_w.l(entry2.o)
    0x0001c414   0x00000076   Code   RO         1481    .emb_text           nrf_delay.o
    0x0001c48a   0x00000002   PAD
    0x0001c48c   0x00000076   Code   RO         2403    .emb_text           nrf_drv_twi.o
    0x0001c502   0x00000002   PAD
    0x0001c504   0x00000076   Code   RO         2717    .emb_text           app_timer.o
    0x0001c57a   0x00000002   PAD
    0x0001c57c   0x00000024   Code   RO         3498    .text               arm_startup_nrf52.o
    0x0001c5a0   0x00000024   Code   RO         3585    .text               mc_w.l(memcpya.o)
    0x0001c5c4   0x00000024   Code   RO         3587    .text               mc_w.l(memseta.o)
    0x0001c5e8   0x0000001a   Code   RO         3591    .text               mc_w.l(memcmp.o)
    0x0001c602   0x00000002   PAD
    0x0001c604   0x00000024   Code   RO         3620    .text               mc_w.l(init.o)
    0x0001c628   0x0000003a   Code   RO         3632    .text               mc_w.l(__dczerorl.o)
    0x0001c662   0x00000002   PAD
    0x0001c664   0x000001b8   Code   RO         1544    i.GPIOTE_IRQHandler  nrf_drv_gpiote.o
    0x0001c81c   0x00000018   Code   RO         2718    i.NVIC_ClearPendingIRQ  app_timer.o
    0x0001c834   0x00000016   Code   RO         2719    i.NVIC_EnableIRQ    app_timer.o
    0x0001c84a   0x00000002   PAD
    0x0001c84c   0x00000018   Code   RO         2720    i.NVIC_SetPendingIRQ  app_timer.o
    0x0001c864   0x00000028   Code   RO         2721    i.NVIC_SetPriority  app_timer.o
    0x0001c88c   0x00000034   Code   RO         2722    i.RTC1_IRQHandler   app_timer.o
    0x0001c8c0   0x00000170   Code   RO         3336    i.SEGGER_RTT_Write  segger_rtt.o
    0x0001ca30   0x0000001a   Code   RO         3337    i.SEGGER_RTT_WriteString  segger_rtt.o
    0x0001ca4a   0x0000001a   Code   RO         3419    i.SEGGER_RTT_printf  segger_rtt_printf.o
    0x0001ca64   0x000001f8   Code   RO         3420    i.SEGGER_RTT_vprintf  segger_rtt_printf.o
    0x0001cc5c   0x00000014   Code   RO         2404    i.SPIM0_SPIS0_TWIM0_TWIS0_SPI0_TWI0_IRQHandler  nrf_drv_twi.o
    0x0001cc70   0x00000014   Code   RO         2405    i.SPIM1_SPIS1_TWIM1_TWIS1_SPI1_TWI1_IRQHandler  nrf_drv_twi.o
    0x0001cc84   0x00000008   Code   RO         2723    i.SWI0_EGU0_IRQHandler  app_timer.o
    0x0001cc8c   0x00000038   Code   RO         3219    i.SWI2_EGU2_IRQHandler  softdevice_handler.o
    0x0001ccc4   0x00000010   Code   RO         3505    i.SystemCoreClockUpdate  system_nrf52.o
    0x0001ccd4   0x0000024c   Code   RO         3506    i.SystemInit        system_nrf52.o
    0x0001cf20   0x00000018   Code   RO         1783    i.UARTE0_UART0_IRQHandler  nrf_drv_uart.o
    0x0001cf38   0x00000002   Code   RO         3338    i._Init             segger_rtt.o
    0x0001cf3a   0x000000ea   Code   RO         3421    i._PrintInt         segger_rtt_printf.o
    0x0001d024   0x000000f4   Code   RO         3422    i._PrintUnsigned    segger_rtt_printf.o
    0x0001d118   0x00000044   Code   RO         3423    i._StoreChar        segger_rtt_printf.o
    0x0001d15c   0x0000000e   Code   RO         3626    i.__scatterload_copy  mc_w.l(handlers.o)
    0x0001d16a   0x00000002   Code   RO         3627    i.__scatterload_null  mc_w.l(handlers.o)
    0x0001d16c   0x0000000e   Code   RO         3628    i.__scatterload_zeroinit  mc_w.l(handlers.o)
    0x0001d17a   0x0000001e   Code   RO         3339    i._strlen           segger_rtt.o
    0x0001d198   0x000001c6   Code   RO          764    i.adv_data_encode   ble_advdata.o
    0x0001d35e   0x00000012   Code   RO          765    i.advdata_check     ble_advdata.o
    0x0001d370   0x00000054   Code   RO          708    i.advertising_buttons_configure  bsp_btn_ble.o
    0x0001d3c4   0x00000088   Code   RO            5    i.advertising_init  main.o
    0x0001d44c   0x0000001a   Code   RO         2693    i.app_error_fault_handler  app_error_weak.o
    0x0001d466   0x00000020   Code   RO         2653    i.app_error_handler  app_error.o
    0x0001d486   0x00000002   PAD
    0x0001d488   0x00000088   Code   RO         2655    i.app_error_save_and_stop  app_error.o
    0x0001d510   0x00000020   Code   RO         1135    i.app_evt_notify    device_manager_peripheral.o
    0x0001d530   0x00000030   Code   RO         2069    i.app_notify        pstorage.o
    0x0001d560   0x00000028   Code   RO         2070    i.app_notify_error_state_transit  pstorage.o
    0x0001d588   0x0000003c   Code   RO         2726    i.app_timer_create  app_timer.o
    0x0001d5c4   0x000000b8   Code   RO         2727    i.app_timer_init    app_timer.o
    0x0001d67c   0x00000058   Code   RO         2728    i.app_timer_start   app_timer.o
    0x0001d6d4   0x00000034   Code   RO         2729    i.app_timer_stop    app_timer.o
    0x0001d708   0x00000052   Code   RO          766    i.appearance_encode  ble_advdata.o
    0x0001d75a   0x00000002   PAD
    0x0001d75c   0x00000018   Code   RO            6    i.application_timers_start  main.o
    0x0001d774   0x00000094   Code   RO          767    i.ble_advdata_set   ble_advdata.o
    0x0001d808   0x0000017c   Code   RO          889    i.ble_advertising_init  ble_advertising.o
    0x0001d984   0x000000f8   Code   RO          890    i.ble_advertising_on_ble_evt  ble_advertising.o
    0x0001da7c   0x0000004c   Code   RO          891    i.ble_advertising_on_sys_evt  ble_advertising.o
    0x0001dac8   0x00000010   Code   RO          893    i.ble_advertising_peer_address_clear  ble_advertising.o
    0x0001dad8   0x00000288   Code   RO          895    i.ble_advertising_start  ble_advertising.o
    0x0001dd60   0x00000070   Code   RO          991    i.ble_conn_params_init  ble_conn_params.o
    0x0001ddd0   0x0000003e   Code   RO          992    i.ble_conn_params_on_ble_evt  ble_conn_params.o
    0x0001de0e   0x00000074   Code   RO          768    i.ble_device_addr_encode  ble_advdata.o
    0x0001de82   0x00000002   PAD
    0x0001de84   0x00000030   Code   RO            8    i.ble_evt_dispatch  main.o
    0x0001deb4   0x000000e8   Code   RO          396    i.ble_our_service_on_ble_evt  our_service.o
    0x0001df9c   0x0000010c   Code   RO            9    i.ble_stack_init    main.o
    0x0001e0a8   0x00000050   Code   RO         1136    i.bond_data_load    device_manager_peripheral.o
    0x0001e0f8   0x00000078   Code   RO          710    i.bsp_btn_ble_on_ble_evt  bsp_btn_ble.o
    0x0001e170   0x000000dc   Code   RO          595    i.bsp_button_event_handler  bsp.o
    0x0001e24c   0x0000005c   Code   RO          600    i.bsp_event_to_button_action_assign  bsp.o
    0x0001e2a8   0x00000020   Code   RO          601    i.bsp_indication_set  bsp.o
    0x0001e2c8   0x0000059c   Code   RO          604    i.bsp_led_indication  bsp.o
    0x0001e864   0x00000020   Code   RO         1545    i.channel_free      nrf_drv_gpiote.o
    0x0001e884   0x00000010   Code   RO         1546    i.channel_handler_get  nrf_drv_gpiote.o
    0x0001e894   0x00000080   Code   RO         1547    i.channel_port_alloc  nrf_drv_gpiote.o
    0x0001e914   0x0000000c   Code   RO         1548    i.channel_port_get  nrf_drv_gpiote.o
    0x0001e920   0x00000104   Code   RO         2071    i.clear_operation_execute  pstorage.o
    0x0001ea24   0x00000028   Code   RO         2072    i.clear_post_processing_run  pstorage.o
    0x0001ea4c   0x00000048   Code   RO         2073    i.cmd_process       pstorage.o
    0x0001ea94   0x00000014   Code   RO         2074    i.cmd_queue_dequeue  pstorage.o
    0x0001eaa8   0x00000050   Code   RO         2075    i.cmd_queue_element_init  pstorage.o
    0x0001eaf8   0x0000009c   Code   RO         2076    i.cmd_queue_enqueue  pstorage.o
    0x0001eb94   0x00000020   Code   RO         2077    i.cmd_queue_init    pstorage.o
    0x0001ebb4   0x00000028   Code   RO         2078    i.command_end_procedure_run  pstorage.o
    0x0001ebdc   0x0000002c   Code   RO         2079    i.command_queue_element_consume  pstorage.o
    0x0001ec08   0x00000090   Code   RO         2731    i.compare_reg_update  app_timer.o
    0x0001ec98   0x0000005a   Code   RO          769    i.conn_int_check    ble_advdata.o
    0x0001ecf2   0x00000068   Code   RO          770    i.conn_int_encode   ble_advdata.o
    0x0001ed5a   0x00000002   PAD
    0x0001ed5c   0x00000028   Code   RO           12    i.conn_params_error_handler  main.o
    0x0001ed84   0x00000070   Code   RO           13    i.conn_params_init  main.o
    0x0001edf4   0x00000084   Code   RO          994    i.conn_params_negotiation  ble_conn_params.o
    0x0001ee78   0x00000054   Code   RO          712    i.connection_buttons_configure  bsp_btn_ble.o
    0x0001eecc   0x00000048   Code   RO         1137    i.connection_instance_find  device_manager_peripheral.o
    0x0001ef14   0x00000040   Code   RO         1138    i.connection_instance_init  device_manager_peripheral.o
    0x0001ef54   0x0000007c   Code   RO         2080    i.data_page_erase_state_run  pstorage.o
    0x0001efd0   0x00000034   Code   RO         2081    i.data_to_swap_write_state_run  pstorage.o
    0x0001f004   0x000000e0   Code   RO         1139    i.device_context_store  device_manager_peripheral.o
    0x0001f0e4   0x00000088   Code   RO         1140    i.device_instance_allocate  device_manager_peripheral.o
    0x0001f16c   0x00000058   Code   RO         1141    i.device_instance_find  device_manager_peripheral.o
    0x0001f1c4   0x0000002c   Code   RO         1142    i.device_instance_free  device_manager_peripheral.o
    0x0001f1f0   0x00000038   Code   RO           14    i.device_manager_evt_handler  main.o
    0x0001f228   0x000000d4   Code   RO           15    i.device_manager_init  main.o
    0x0001f2fc   0x000006b8   Code   RO         1147    i.dm_ble_evt_handler  device_manager_peripheral.o
    0x0001f9b4   0x00000018   Code   RO         1153    i.dm_handle_initialize  device_manager_peripheral.o
    0x0001f9cc   0x00000108   Code   RO         1154    i.dm_init           device_manager_peripheral.o
    0x0001fad4   0x0000025c   Code   RO         1157    i.dm_pstorage_cb_handler  device_manager_peripheral.o
    0x0001fd30   0x000000b0   Code   RO         1158    i.dm_register       device_manager_peripheral.o
    0x0001fde0   0x00000064   Code   RO         2732    i.elapsed_ticks_acquire  app_timer.o
    0x0001fe44   0x00000040   Code   RO         2082    i.erase_sub_state_sm_run  pstorage.o
    0x0001fe84   0x00000054   Code   RO         3507    i.errata_108        system_nrf52.o
    0x0001fed8   0x00000030   Code   RO         3508    i.errata_16         system_nrf52.o
    0x0001ff08   0x00000054   Code   RO         3509    i.errata_31         system_nrf52.o
    0x0001ff5c   0x00000030   Code   RO         3510    i.errata_32         system_nrf52.o
    0x0001ff8c   0x00000054   Code   RO         3511    i.errata_36         system_nrf52.o
    0x0001ffe0   0x00000030   Code   RO         3512    i.errata_37         system_nrf52.o
    0x00020010   0x00000030   Code   RO         3513    i.errata_57         system_nrf52.o
    0x00020040   0x00000030   Code   RO         3514    i.errata_66         system_nrf52.o
    0x00020070   0x00000058   Code   RO         2733    i.expired_timers_handler  app_timer.o
    0x000200c8   0x00000036   Code   RO          771    i.flags_encode      ble_advdata.o
    0x000200fe   0x00000036   Code   RO          897    i.flash_access_in_progress  ble_advertising.o
    0x00020134   0x0000002c   Code   RO         2083    i.flash_api_err_code_process  pstorage.o
    0x00020160   0x00000044   Code   RO         2084    i.flash_operation_failure_run  pstorage.o
    0x000201a4   0x00000030   Code   RO         2085    i.flash_operation_success_run  pstorage.o
    0x000201d4   0x00000010   Code   RO         2086    i.flash_page_erase  pstorage.o
    0x000201e4   0x0000001c   Code   RO         2087    i.flash_write       pstorage.o
    0x00020200   0x00000018   Code   RO         3023    i.fs_queued_op_count_get  fstorage.o
    0x00020218   0x000000a4   Code   RO           16    i.gap_params_init   main.o
    0x000202bc   0x00000006   Code   RO         1165    i.gattc_context_apply  device_manager_peripheral.o
    0x000202c2   0x00000006   Code   RO         1166    i.gattc_context_load  device_manager_peripheral.o
    0x000202c8   0x00000006   Code   RO         1167    i.gattc_context_store  device_manager_peripheral.o
    0x000202ce   0x00000002   PAD
    0x000202d0   0x000000f8   Code   RO         1168    i.gatts_context_apply  device_manager_peripheral.o
    0x000203c8   0x0000004c   Code   RO         1169    i.gatts_context_load  device_manager_peripheral.o
    0x00020414   0x000000f0   Code   RO         1170    i.gatts_context_store  device_manager_peripheral.o
    0x00020504   0x00000018   Code   RO         1171    i.gattsc_context_apply  device_manager_peripheral.o
    0x0002051c   0x0000001c   Code   RO         1172    i.gattsc_context_load  device_manager_peripheral.o
    0x00020538   0x0000001c   Code   RO         1173    i.gattsc_context_store  device_manager_peripheral.o
    0x00020554   0x00000068   Code   RO         2088    i.head_restore_state_run  pstorage.o
    0x000205bc   0x000002b8   Code   RO          507    i.initBosch         bosch_bno055.o
    0x00020874   0x0000001a   Code   RO          508    i.init_i2c          bosch_bno055.o
    0x0002088e   0x00000002   PAD
    0x00020890   0x0000004c   Code   RO           17    i.initializePin     main.o
    0x000208dc   0x00000002   Code   RO           18    i.int_fxn           main.o
    0x000208de   0x00000002   PAD
    0x000208e0   0x000000b0   Code   RO         3220    i.intern_softdevice_events_execute  softdevice_handler.o
    0x00020990   0x000000da   Code   RO         2406    i.irq_handler_twi   nrf_drv_twi.o
    0x00020a6a   0x00000002   PAD
    0x00020a6c   0x00000024   Code   RO          995    i.is_conn_params_ok  ble_conn_params.o
    0x00020a90   0x00000058   Code   RO         2089    i.is_page_erase_required  pstorage.o
    0x00020ae8   0x00000050   Code   RO         2090    i.is_tail_data_page_swap_required  pstorage.o
    0x00020b38   0x00000010   Code   RO         2091    i.is_word_aligned   pstorage.o
    0x00020b48   0x0000006a   Code   RO          772    i.le_role_encode    ble_advdata.o
    0x00020bb2   0x00000002   PAD
    0x00020bb4   0x00000098   Code   RO         2734    i.list_deletions_handler  app_timer.o
    0x00020c4c   0x0000010c   Code   RO         2735    i.list_insertions_handler  app_timer.o
    0x00020d58   0x0000016c   Code   RO           19    i.main              main.o
    0x00020ec4   0x00000020   Code   RO         2092    i.main_state_err_busy_process  pstorage.o
    0x00020ee4   0x00000076   Code   RO          773    i.manuf_specific_data_encode  ble_advdata.o
    0x00020f5a   0x000000c2   Code   RO          774    i.name_encode       ble_advdata.o
    0x0002101c   0x00000006   Code   RO         1174    i.no_service_context_apply  device_manager_peripheral.o
    0x00021022   0x00000006   Code   RO         1175    i.no_service_context_load  device_manager_peripheral.o
    0x00021028   0x00000006   Code   RO         1176    i.no_service_context_store  device_manager_peripheral.o
    0x0002102e   0x0000001a   Code   RO         1482    i.nrf_delay_ms      nrf_delay.o
    0x00021048   0x00000060   Code   RO         1513    i.nrf_drv_common_irq_enable  nrf_drv_common.o
    0x000210a8   0x0000000a   Code   RO         2407    i.nrf_drv_get_IRQn  nrf_drv_twi.o
    0x000210b2   0x00000002   PAD
    0x000210b4   0x000000b8   Code   RO         1551    i.nrf_drv_gpiote_in_event_enable  nrf_drv_gpiote.o
    0x0002116c   0x000000d8   Code   RO         1552    i.nrf_drv_gpiote_in_init  nrf_drv_gpiote.o
    0x00021244   0x00000054   Code   RO         1555    i.nrf_drv_gpiote_init  nrf_drv_gpiote.o
    0x00021298   0x00000014   Code   RO         1556    i.nrf_drv_gpiote_is_init  nrf_drv_gpiote.o
    0x000212ac   0x0000000c   Code   RO         1557    i.nrf_drv_gpiote_out_clear  nrf_drv_gpiote.o
    0x000212b8   0x000000cc   Code   RO         1558    i.nrf_drv_gpiote_out_init  nrf_drv_gpiote.o
    0x00021384   0x0000000c   Code   RO         1559    i.nrf_drv_gpiote_out_set  nrf_drv_gpiote.o
    0x00021390   0x00000024   Code   RO         2410    i.nrf_drv_twi_enable  nrf_drv_twi.o
    0x000213b4   0x0000009c   Code   RO         2411    i.nrf_drv_twi_init  nrf_drv_twi.o
    0x00021450   0x0000002c   Code   RO         2412    i.nrf_drv_twi_rx    nrf_drv_twi.o
    0x0002147c   0x0000003c   Code   RO         2415    i.nrf_drv_twi_tx    nrf_drv_twi.o
    0x000214b8   0x0000003c   Code   RO         2417    i.nrf_drv_twi_xfer  nrf_drv_twi.o
    0x000214f4   0x00000024   Code   RO         1568    i.nrf_gpio_cfg      nrf_drv_gpiote.o
    0x00021518   0x00000024   Code   RO         1570    i.nrf_gpio_cfg_sense_set  nrf_drv_gpiote.o
    0x0002153c   0x00000010   Code   RO         1571    i.nrf_gpio_pin_clear  nrf_drv_gpiote.o
    0x0002154c   0x00000010   Code   RO         2418    i.nrf_gpio_pin_clear  nrf_drv_twi.o
    0x0002155c   0x00000010   Code   RO         1572    i.nrf_gpio_pin_set  nrf_drv_gpiote.o
    0x0002156c   0x00000010   Code   RO         2419    i.nrf_gpio_pin_set  nrf_drv_twi.o
    0x0002157c   0x0000000c   Code   RO         1573    i.nrf_gpiote_event_addr_get  nrf_drv_gpiote.o
    0x00021588   0x0000001c   Code   RO         1574    i.nrf_gpiote_event_clear  nrf_drv_gpiote.o
    0x000215a4   0x00000016   Code   RO         1575    i.nrf_gpiote_event_is_set  nrf_drv_gpiote.o
    0x000215ba   0x00000002   PAD
    0x000215bc   0x0000000c   Code   RO         1576    i.nrf_gpiote_int_enable  nrf_drv_gpiote.o
    0x000215c8   0x0000000e   Code   RO         2420    i.nrf_twi_event_check  nrf_drv_twi.o
    0x000215d6   0x00000006   Code   RO         2421    i.nrf_twi_event_clear  nrf_drv_twi.o
    0x000215dc   0x00000006   Code   RO         2422    i.nrf_twi_int_disable  nrf_drv_twi.o
    0x000215e2   0x00000006   Code   RO         2423    i.nrf_twi_int_enable  nrf_drv_twi.o
    0x000215e8   0x00000006   Code   RO         2424    i.nrf_twi_shorts_set  nrf_drv_twi.o
    0x000215ee   0x00000006   Code   RO         2425    i.nrf_twi_task_trigger  nrf_drv_twi.o
    0x000215f4   0x0000000c   Code   RO         1804    i.nrf_uart_errorsrc_get_and_clear  nrf_drv_uart.o
    0x00021600   0x0000000e   Code   RO         1805    i.nrf_uart_event_check  nrf_drv_uart.o
    0x0002160e   0x00000006   Code   RO         1806    i.nrf_uart_event_clear  nrf_drv_uart.o
    0x00021614   0x00000006   Code   RO         1808    i.nrf_uart_int_disable  nrf_drv_uart.o
    0x0002161a   0x00000012   Code   RO         1810    i.nrf_uart_int_enable_check  nrf_drv_uart.o
    0x0002162c   0x00000006   Code   RO         1811    i.nrf_uart_task_trigger  nrf_drv_uart.o
    0x00021632   0x0000000c   Code   RO         1813    i.nrf_uarte_errorsrc_get_and_clear  nrf_drv_uart.o
    0x0002163e   0x0000000e   Code   RO         1814    i.nrf_uarte_event_check  nrf_drv_uart.o
    0x0002164c   0x00000006   Code   RO         1815    i.nrf_uarte_event_clear  nrf_drv_uart.o
    0x00021652   0x0000000a   Code   RO         1819    i.nrf_uarte_rx_amount_get  nrf_drv_uart.o
    0x0002165c   0x00000044   Code   RO           20    i.on_adv_evt        main.o
    0x000216a0   0x0000005c   Code   RO           21    i.on_ble_evt        main.o
    0x000216fc   0x00000040   Code   RO           22    i.on_conn_params_evt  main.o
    0x0002173c   0x00000018   Code   RO          996    i.on_conn_params_update  ble_conn_params.o
    0x00021754   0x00000038   Code   RO          997    i.on_connect        ble_conn_params.o
    0x0002178c   0x00000040   Code   RO          998    i.on_disconnect     ble_conn_params.o
    0x000217cc   0x00000058   Code   RO          999    i.on_write          ble_conn_params.o
    0x00021824   0x00000180   Code   RO          398    i.our_char_add      our_service.o
    0x000219a4   0x00000080   Code   RO          399    i.our_service_init  our_service.o
    0x00021a24   0x00000044   Code   RO          400    i.our_termperature_characteristic_update  our_service.o
    0x00021a68   0x00000018   Code   RO          898    i.peer_address_exists  ble_advertising.o
    0x00021a80   0x00000064   Code   RO         1177    i.peer_instance_init  device_manager_peripheral.o
    0x00021ae4   0x0000001c   Code   RO         1578    i.pin_in_use_by_gpiote  nrf_drv_gpiote.o
    0x00021b00   0x00000018   Code   RO         1579    i.pin_in_use_by_port  nrf_drv_gpiote.o
    0x00021b18   0x00000020   Code   RO         1580    i.pin_in_use_by_te  nrf_drv_gpiote.o
    0x00021b38   0x0000000c   Code   RO         1581    i.pin_in_use_clear  nrf_drv_gpiote.o
    0x00021b44   0x00000030   Code   RO           23    i.power_manage      main.o
    0x00021b74   0x0000002c   Code   RO         2093    i.pstorage_access_status_get  pstorage.o
    0x00021ba0   0x000000a4   Code   RO         2094    i.pstorage_block_identifier_get  pstorage.o
    0x00021c44   0x00000120   Code   RO         2095    i.pstorage_clear    pstorage.o
    0x00021d64   0x0000001e   Code   RO         2096    i.pstorage_flash_page_end  pstorage.o
    0x00021d82   0x0000000a   Code   RO         2097    i.pstorage_flash_page_size  pstorage.o
    0x00021d8c   0x00000090   Code   RO         2098    i.pstorage_init     pstorage.o
    0x00021e1c   0x000000f4   Code   RO         2099    i.pstorage_load     pstorage.o
    0x00021f10   0x00000110   Code   RO         2100    i.pstorage_register  pstorage.o
    0x00022020   0x000000dc   Code   RO         2101    i.pstorage_store    pstorage.o
    0x000220fc   0x00000048   Code   RO         2102    i.pstorage_sys_event_handler  pstorage.o
    0x00022144   0x000000dc   Code   RO         2103    i.pstorage_update   pstorage.o
    0x00022220   0x00000068   Code   RO          509    i.readEuler         bosch_bno055.o
    0x00022288   0x00000014   Code   RO           24    i.readGyro          main.o
    0x0002229c   0x0000000c   Code   RO         2736    i.rtc1_compare0_set  app_timer.o
    0x000222a8   0x0000000c   Code   RO         2737    i.rtc1_counter_get  app_timer.o
    0x000222b4   0x00000018   Code   RO         2738    i.rtc1_init         app_timer.o
    0x000222cc   0x0000003c   Code   RO         2739    i.rtc1_start        app_timer.o
    0x00022308   0x00000058   Code   RO         2740    i.rtc1_stop         app_timer.o
    0x00022360   0x00000050   Code   RO         1823    i.rx_byte           nrf_drv_uart.o
    0x000223b0   0x00000024   Code   RO         1824    i.rx_done_event     nrf_drv_uart.o
    0x000223d4   0x0000001c   Code   RO         3221    i.sd_check_ram_start  softdevice_handler.o
    0x000223f0   0x000000d0   Code   RO         3222    i.sd_nvic_EnableIRQ  softdevice_handler.o
    0x000224c0   0x00000036   Code   RO          775    i.sec_mgr_oob_flags_encode  ble_advdata.o
    0x000224f6   0x00000096   Code   RO          776    i.service_data_encode  ble_advdata.o
    0x0002258c   0x00000010   Code   RO           25    i.services_init     main.o
    0x0002259c   0x00000014   Code   RO         2104    i.sm_state_change   pstorage.o
    0x000225b0   0x00000018   Code   RO         3223    i.softdevice_ble_evt_handler_set  softdevice_handler.o
    0x000225c8   0x0000001c   Code   RO         3224    i.softdevice_enable  softdevice_handler.o
    0x000225e4   0x0000002c   Code   RO         3225    i.softdevice_enable_get_default_config  softdevice_handler.o
    0x00022610   0x00000014   Code   RO         3226    i.softdevice_fault_handler  softdevice_handler.o
    0x00022624   0x00000064   Code   RO         3227    i.softdevice_handler_init  softdevice_handler.o
    0x00022688   0x00000018   Code   RO         3230    i.softdevice_sys_evt_handler_set  softdevice_handler.o
    0x000226a0   0x0000000e   Code   RO          777    i.srdata_check      ble_advdata.o
    0x000226ae   0x00000002   PAD
    0x000226b0   0x00000018   Code   RO          403    i.startUartXfer     our_service.o
    0x000226c8   0x00000010   Code   RO         2105    i.state_data_erase_entry_run  pstorage.o
    0x000226d8   0x0000008c   Code   RO         2106    i.state_data_erase_swap_entry_run  pstorage.o
    0x00022764   0x00000038   Code   RO         2107    i.state_entry_action_run  pstorage.o
    0x0002279c   0x00000010   Code   RO         2108    i.state_erase_data_page_entry_run  pstorage.o
    0x000227ac   0x0000001c   Code   RO         2109    i.state_idle_entry_run  pstorage.o
    0x000227c8   0x00000034   Code   RO         2110    i.state_restore_head_entry_run  pstorage.o
    0x000227fc   0x00000058   Code   RO         2111    i.state_restore_tail_entry_run  pstorage.o
    0x00022854   0x00000008   Code   RO         2112    i.state_store_entry_run  pstorage.o
    0x0002285c   0x0000001e   Code   RO         2113    i.state_swap_erase_entry_run  pstorage.o
    0x0002287a   0x00000002   PAD
    0x0002287c   0x00000038   Code   RO         2114    i.state_write_data_swap_entry_run  pstorage.o
    0x000228b4   0x00000008   Code   RO         1178    i.storage_operation_dummy_handler  device_manager_peripheral.o
    0x000228bc   0x00000068   Code   RO         2115    i.store_cmd_flash_write_execute  pstorage.o
    0x00022924   0x0000000a   Code   RO         2116    i.store_operation_execute  pstorage.o
    0x0002292e   0x00000002   PAD
    0x00022930   0x00000048   Code   RO         2117    i.store_sub_state_sm_run  pstorage.o
    0x00022978   0x00000020   Code   RO         2118    i.swap_erase_state_run  pstorage.o
    0x00022998   0x00000008   Code   RO         2119    i.swap_sub_sm_exit_action_run  pstorage.o
    0x000229a0   0x00000018   Code   RO         2120    i.swap_sub_state_entry_action_run  pstorage.o
    0x000229b8   0x00000020   Code   RO         2121    i.swap_sub_state_err_busy_process  pstorage.o
    0x000229d8   0x00000018   Code   RO         2122    i.swap_sub_state_sm_run  pstorage.o
    0x000229f0   0x00000014   Code   RO         2123    i.swap_sub_state_state_change  pstorage.o
    0x00022a04   0x00000012   Code   RO           27    i.sys_evt_dispatch  main.o
    0x00022a16   0x00000002   PAD
    0x00022a18   0x0000001c   Code   RO         2124    i.tail_restore_state_run  pstorage.o
    0x00022a34   0x0000004c   Code   RO         2125    i.tail_word_size_calculate  pstorage.o
    0x00022a80   0x0000000a   Code   RO         2741    i.ticks_diff_get    app_timer.o
    0x00022a8a   0x00000002   PAD
    0x00022a8c   0x00000078   Code   RO         2742    i.timeout_handler_exec  app_timer.o
    0x00022b04   0x00000054   Code   RO         2743    i.timer_list_handler  app_timer.o
    0x00022b58   0x0000000a   Code   RO         2744    i.timer_list_handler_sched  app_timer.o
    0x00022b62   0x00000002   PAD
    0x00022b64   0x00000068   Code   RO         2745    i.timer_list_insert  app_timer.o
    0x00022bcc   0x0000006c   Code   RO         2746    i.timer_list_remove  app_timer.o
    0x00022c38   0x0000005c   Code   RO         2747    i.timer_start_op_schedule  app_timer.o
    0x00022c94   0x00000040   Code   RO         2749    i.timer_stop_op_schedule  app_timer.o
    0x00022cd4   0x00000024   Code   RO           28    i.timer_timeout_handler  main.o
    0x00022cf8   0x00000098   Code   RO         2750    i.timer_timeouts_check  app_timer.o
    0x00022d90   0x0000000a   Code   RO         2751    i.timer_timeouts_check_sched  app_timer.o
    0x00022d9a   0x00000002   PAD
    0x00022d9c   0x00000054   Code   RO           29    i.timers_init       main.o
    0x00022df0   0x00000046   Code   RO          778    i.tk_value_encode   ble_advdata.o
    0x00022e36   0x00000002   PAD
    0x00022e38   0x00000094   Code   RO         2426    i.twi_clear_bus     nrf_drv_twi.o
    0x00022ecc   0x00000038   Code   RO          510    i.twi_master_init   bosch_bno055.o
    0x00022f04   0x0000004c   Code   RO         2427    i.twi_receive_byte  nrf_drv_twi.o
    0x00022f50   0x000000a6   Code   RO         2428    i.twi_rx_start_transfer  nrf_drv_twi.o
    0x00022ff6   0x00000048   Code   RO         2429    i.twi_send_byte     nrf_drv_twi.o
    0x0002303e   0x00000122   Code   RO         2430    i.twi_transfer      nrf_drv_twi.o
    0x00023160   0x000000ac   Code   RO         2431    i.twi_tx_start_transfer  nrf_drv_twi.o
    0x0002320c   0x000000b8   Code   RO         2432    i.twi_xfer          nrf_drv_twi.o
    0x000232c4   0x00000038   Code   RO         1826    i.tx_byte           nrf_drv_uart.o
    0x000232fc   0x0000002c   Code   RO         1827    i.tx_done_event     nrf_drv_uart.o
    0x00023328   0x00000036   Code   RO          779    i.tx_power_level_encode  ble_advdata.o
    0x0002335e   0x00000002   PAD
    0x00023360   0x00000160   Code   RO         1828    i.uart_irq_handler  nrf_drv_uart.o
    0x000234c0   0x0000012c   Code   RO         1829    i.uarte_irq_handler  nrf_drv_uart.o
    0x000235ec   0x0000000c   Code   RO          780    i.uint16_encode     ble_advdata.o
    0x000235f8   0x00000008   Code   RO         2126    i.update_operation_execute  pstorage.o
    0x00023600   0x00000014   Code   RO         1179    i.update_status_bit_reset  device_manager_peripheral.o
    0x00023614   0x00000090   Code   RO         1000    i.update_timeout_handler  ble_conn_params.o
    0x000236a4   0x00000058   Code   RO         2752    i.user_id_get       app_timer.o
    0x000236fc   0x00000030   Code   RO         2753    i.user_op_alloc     app_timer.o
    0x0002372c   0x00000004   Code   RO         2754    i.user_op_enque     app_timer.o
    0x00023730   0x0000004e   Code   RO          781    i.uuid_list_encode  ble_advdata.o
    0x0002377e   0x000000dc   Code   RO          782    i.uuid_list_sized_encode  ble_advdata.o
    0x0002385a   0x00000012   Code   RO          899    i.whitelist_has_entries  ble_advertising.o
    0x0002386c   0x00000010   Data   RO           31    .constdata          main.o
    0x0002387c   0x00000028   Data   RO          405    .constdata          our_service.o
    0x000238a4   0x00000018   Data   RO          512    .constdata          bosch_bno055.o
    0x000238bc   0x0000003c   Data   RO          609    .constdata          bsp.o
    0x000238f8   0x00000004   Data   RO         1002    .constdata          ble_conn_params.o
    0x000238fc   0x00000034   Data   RO         1181    .constdata          device_manager_peripheral.o
    0x00023930   0x00000028   Data   RO         2128    .constdata          pstorage.o
    0x00023958   0x0000002c   Data   RO         2434    .constdata          nrf_drv_twi.o
    0x00023984   0x00000010   Data   RO         3424    .constdata          segger_rtt_printf.o
    0x00023994   0x0000004c   Data   RO         1182    .conststring        device_manager_peripheral.o
    0x000239e0   0x00000057   Data   RO         3232    .conststring        softdevice_handler.o
    0x00023a37   0x00000001   PAD
    0x00023a38   0x00000009   Data   RO         3341    .conststring        segger_rtt.o
    0x00023a41   0x00000003   PAD
    0x00023a44   0x00000020   Data   RO         3624    Region$$Table       anon$$obj.o


    Execution Region RW_IRAM1 (Base: 0x20002080, Size: 0x00002f88, Max: 0x0000df80, ABSOLUTE, COMPRESSED[0x00000064])

    Base Addr    Size         Type   Attr      Idx    E Section Name        Object

    0x20002080   0x00000062   Data   RW           32    .data               main.o
    0x200020e2   0x00000002   Data   RW          406    .data               our_service.o
    0x200020e4   0x00000014   Data   RW          513    .data               bosch_bno055.o
    0x200020f8   0x00000019   Data   RW          610    .data               bsp.o
    0x20002111   0x00000003   PAD
    0x20002114   0x00000008   Data   RW          714    .data               bsp_btn_ble.o
    0x2000211c   0x00000020   Data   RW          901    .data               ble_advertising.o
    0x2000213c   0x00000015   Data   RW         1003    .data               ble_conn_params.o
    0x20002151   0x00000003   PAD
    0x20002154   0x00000014   Data   RW         1183    .data               device_manager_peripheral.o
    0x20002168   0x00000028   Data   RW         2129    .data               pstorage.o
    0x20002190   0x00000022   Data   RW         2755    .data               app_timer.o
    0x200021b2   0x00000002   PAD
    0x200021b4   0x00000018   Data   RW         3233    .data               softdevice_handler.o
    0x200021cc   0x00000079   Data   RW         3342    .data               segger_rtt.o
    0x20002245   0x00000003   PAD
    0x20002248   0x00000004   Data   RW         3515    .data               system_nrf52.o
    0x2000224c   0x000003f8   Zero   RW           30    .bss                main.o
    0x20002644   0x00000020   Zero   RW          404    .bss                our_service.o
    0x20002664   0x00000064   Zero   RW          511    .bss                bosch_bno055.o
    0x200026c8   0x0000006c   Zero   RW          608    .bss                bsp.o
    0x20002734   0x00000103   Zero   RW          900    .bss                ble_advertising.o
    0x20002837   0x00000001   PAD
    0x20002838   0x0000003c   Zero   RW         1001    .bss                ble_conn_params.o
    0x20002874   0x0000014f   Zero   RW         1180    .bss                device_manager_peripheral.o
    0x200029c3   0x00000001   PAD
    0x200029c4   0x00000058   Zero   RW         1582    .bss                nrf_drv_gpiote.o
    0x20002a1c   0x00000020   Zero   RW         1830    .bss                nrf_drv_uart.o
    0x20002a3c   0x000000e4   Zero   RW         2127    .bss                pstorage.o
    0x20002b20   0x00000050   Zero   RW         2433    .bss                nrf_drv_twi.o
    0x20002b70   0x00000020   Zero   RW         2656    .bss                app_error.o
    0x20002b90   0x00000058   Zero   RW         3034    .bss                fstorage.o
    0x20002be8   0x0000000c   Zero   RW         3231    .bss                softdevice_handler.o
    0x20002bf4   0x00000410   Zero   RW         3340    .bss                segger_rtt.o
    0x20003004   0x00000004   PAD
    0x20003008   0x00002000   Zero   RW         3495    STACK               arm_startup_nrf52.o


==============================================================================

Image component sizes


      Code (inc. data)   RO Data    RW Data    ZI Data      Debug   Object Name

       168          4          0          0         32       4198   app_error.o
        26          0          0          0          0        806   app_error_weak.o
      2514        336          0         34          0      62675   app_timer.o
        36          8       1024          0       8192        944   arm_startup_nrf52.o
      2136          0          0          0          0      25328   ble_advdata.o
      1464        140          0         32        259      17925   ble_advertising.o
       718        122          4         21         60      19656   ble_conn_params.o
       882         42         24         20        100      13196   bosch_bno055.o
      1780        106         60         25        108      10377   bsp.o
       288         10          0          8          0       4357   bsp_btn_ble.o
      4336        262        128         20        335      34613   device_manager_peripheral.o
        24          6          0          0         88       3484   fstorage.o
      1948        460         16         98       1016     119956   main.o
       144          0          0          0          0       1955   nrf_delay.o
        96         12          0          0          0      29011   nrf_drv_common.o
      1634        152          0          0         88      30683   nrf_drv_gpiote.o
      1926         64         44          0         80      33579   nrf_drv_twi.o
       996         66          0          0         32      24722   nrf_drv_uart.o
       836        174         40          2         32      45301   our_service.o
      4252        430         40         40        228      50802   pstorage.o
       426          4          9        121       1040       4328   segger_rtt.o
      1076          4         16          0          0       6765   segger_rtt_printf.o
       708         90         87         24         12      44913   softdevice_handler.o
      1096        112          0          4          0      33478   system_nrf52.o

    ----------------------------------------------------------------------
     29558       2604       1528        460      11708     623052   Object Totals
         0          0         32          0          0          0   (incl. Generated)
        48          0          4         11          6          0   (incl. Padding)

    ----------------------------------------------------------------------

      Code (inc. data)   RO Data    RW Data    ZI Data      Debug   Library Member Name

        58          0          0          0          0          0   __dczerorl.o
         0          0          0          0          0          0   entry.o
         0          0          0          0          0          0   entry10a.o
         0          0          0          0          0          0   entry11a.o
         8          4          0          0          0          0   entry2.o
         4          0          0          0          0          0   entry5.o
         0          0          0          0          0          0   entry7b.o
         0          0          0          0          0          0   entry8b.o
         8          4          0          0          0          0   entry9a.o
        30          0          0          0          0          0   handlers.o
        36          8          0          0          0         68   init.o
        26          0          0          0          0         80   memcmp.o
        36          0          0          0          0         68   memcpya.o
        36          0          0          0          0        108   memseta.o

    ----------------------------------------------------------------------
       246         16          0          0          0        324   Library Totals
         4          0          0          0          0          0   (incl. Padding)

    ----------------------------------------------------------------------

      Code (inc. data)   RO Data    RW Data    ZI Data      Debug   Library Name

       242         16          0          0          0        324   mc_w.l

    ----------------------------------------------------------------------
       246         16          0          0          0        324   Library Totals

    ----------------------------------------------------------------------

==============================================================================


      Code (inc. data)   RO Data    RW Data    ZI Data      Debug   

     29804       2620       1528        460      11708     594656   Grand Totals
     29804       2620       1528        100      11708     594656   ELF Image Totals (compressed)
     29804       2620       1528        100          0          0   ROM Totals

==============================================================================

    Total RO  Size (Code + RO Data)                31332 (  30.60kB)
    Total RW  Size (RW Data + ZI Data)             12168 (  11.88kB)
    Total ROM Size (Code + RO Data + RW Data)      31432 (  30.70kB)

==============================================================================

